******************************************************************************
                  TI ARM Linker PC v20.2.5                     
******************************************************************************
>> Linked Thu Mar 24 23:34:11 2022

OUTPUT FILE NAME:   <lab2.out>
ENTRY POINT SYMBOL: "_c_int00_noargs"  address: 000007ed


MEMORY CONFIGURATION

         name            origin    length      used     unused   attr    fill
----------------------  --------  ---------  --------  --------  ----  --------
  FLASH                 00000000   00040000  000008de  0003f722  R  X
  SRAM                  20000000   00008000  00000203  00007dfd  RW X


SEGMENT ALLOCATION MAP

run origin  load origin   length   init length attrs members
----------  ----------- ---------- ----------- ----- -------
00000000    00000000    000008e0   000008e0    r-x
  00000000    00000000    0000026c   0000026c    r-- .intvecs
  0000026c    0000026c    0000065a   0000065a    r-x .text
  000008c8    000008c8    00000018   00000018    r-- .cinit
20000000    20000000    00000203   00000000    rw-
  20000000    20000000    00000200   00000000    rw- .stack
  20000200    20000200    00000003   00000000    rw- .data


SECTION ALLOCATION MAP

 output                                  attributes/
section   page    origin      length       input sections
--------  ----  ----------  ----------   ----------------
.intvecs   0    00000000    0000026c     
                  00000000    0000026c     startup_ccs.obj (.intvecs)

.text      0    0000026c    0000065a     
                  0000026c    00000132     driverlib.lib : gpio.obj (.text:GPIOPadConfigSet)
                  0000039e    00000002     startup_ccs.obj (.text:FaultISR)
                  000003a0    000000f4     driverlib.lib : sysctl.obj (.text:SysCtlClockSet)
                  00000494    000000b4     Lab_2.obj (.text:main)
                  00000548    0000009c     rtsv7M4_T_le_v4SPD16_eabi.lib : memcpy_t2.asm.obj (.text)
                  000005e4    00000088     buttons.obj (.text:ButtonsPoll)
                  0000066c    00000068     buttons.obj (.text:ButtonsInit)
                  000006d4    00000068     rtsv7M4_T_le_v4SPD16_eabi.lib : copy_decompress_lzss.c.obj (.text:decompress:lzss:__TI_decompress_lzss)
                  0000073c    00000044                                   : autoinit.c.obj (.text:__TI_auto_init_nobinit_nopinit:__TI_auto_init_nobinit_nopinit)
                  00000780    00000038     driverlib.lib : sysctl.obj (.text:SysCtlPeripheralReady)
                  000007b8    00000034                   : sysctl.obj (.text:SysCtlPeripheralEnable)
                  000007ec    00000034     rtsv7M4_T_le_v4SPD16_eabi.lib : boot_cortex_m.c.obj (.text:_c_int00_noargs:_c_int00_noargs)
                  00000820    0000002a     driverlib.lib : gpio.obj (.text:GPIODirModeSet)
                  0000084a    00000002     startup_ccs.obj (.text:IntDefaultHandler)
                  0000084c    00000028     Lab_2.obj (.text:DelaySetup)
                  00000874    00000018     driverlib.lib : gpio.obj (.text:GPIOPinTypeGPIOOutput)
                  0000088c    00000010     Lab_2.obj (.text:myDelay)
                  0000089c    0000000e     rtsv7M4_T_le_v4SPD16_eabi.lib : copy_decompress_none.c.obj (.text:decompress:none:__TI_decompress_none)
                  000008aa    00000006     driverlib.lib : gpio.obj (.text:GPIOPinWrite)
                  000008b0    00000006     startup_ccs.obj (.text:ResetISR)
                  000008b6    00000006     driverlib.lib : sysctl.obj (.text:SysCtlDelay)
                  000008bc    00000004     rtsv7M4_T_le_v4SPD16_eabi.lib : pre_init.c.obj (.text:_system_pre_init)
                  000008c0    00000004                                   : exit.c.obj (.text:abort:abort)
                  000008c4    00000002     startup_ccs.obj (.text:NmiSR)

.cinit     0    000008c8    00000018     
                  000008c8    00000008     (__TI_handler_table)
                  000008d0    00000007     (.cinit..data.load) [load image, compression = lzss]
                  000008d7    00000001     --HOLE-- [fill = 0]
                  000008d8    00000008     (__TI_cinit_table)

.init_array 
*          0    00000000    00000000     UNINITIALIZED

.data      0    20000200    00000003     UNINITIALIZED
                  20000200    00000003     buttons.obj (.data)

.stack     0    20000000    00000200     UNINITIALIZED
                  20000000    00000004     rtsv7M4_T_le_v4SPD16_eabi.lib : boot_cortex_m.c.obj (.stack)
                  20000004    000001fc     --HOLE--

__llvm_prf_cnts 
*          0    20000000    00000000     UNINITIALIZED

MODULE SUMMARY

       Module                       code   ro data   rw data
       ------                       ----   -------   -------
    .\
       startup_ccs.obj              12     620       0      
       buttons.obj                  240    0         3      
       Lab_2.obj                    236    0         0      
    +--+----------------------------+------+---------+---------+
       Total:                       488    620       3      
                                                            
    C:/ti/tivaware_c_series_2_1_4_178/driverlib/ccs/Debug/driverlib.lib
       gpio.obj                     378    0         0      
       sysctl.obj                   358    0         0      
    +--+----------------------------+------+---------+---------+
       Total:                       736    0         0      
                                                            
    C:\ti\ccs1110\ccs\tools\compiler\ti-cgt-arm_20.2.5.LTS\lib\rtsv7M4_T_le_v4SPD16_eabi.lib
       memcpy_t2.asm.obj            156    0         0      
       copy_decompress_lzss.c.obj   104    0         0      
       autoinit.c.obj               68     0         0      
       boot_cortex_m.c.obj          52     0         0      
       copy_decompress_none.c.obj   14     0         0      
       exit.c.obj                   4      0         0      
       pre_init.c.obj               4      0         0      
    +--+----------------------------+------+---------+---------+
       Total:                       402    0         0      
                                                            
       Stack:                       0      0         512    
       Linker Generated:            0      23        0      
    +--+----------------------------+------+---------+---------+
       Grand Total:                 1626   643       515    


LINKER GENERATED COPY TABLES

__TI_cinit_table @ 000008d8 records: 1, size/record: 8, table size: 8
	.data: load addr=000008d0, load size=00000007 bytes, run addr=20000200, run size=00000003 bytes, compression=lzss


LINKER GENERATED HANDLER TABLE

__TI_handler_table @ 000008c8 records: 2, size/record: 4, table size: 8
	index: 0, handler: __TI_decompress_lzss
	index: 1, handler: __TI_decompress_none


GLOBAL SYMBOLS: SORTED ALPHABETICALLY BY Name 

address   name                          
-------   ----                          
0000066d  ButtonsInit                   
000005e5  ButtonsPoll                   
000008c1  C$$EXIT                       
0000084d  DelaySetup                    
00000821  GPIODirModeSet                
0000026d  GPIOPadConfigSet              
00000875  GPIOPinTypeGPIOOutput         
000008ab  GPIOPinWrite                  
000008b1  ResetISR                      
000003a1  SysCtlClockSet                
000008b7  SysCtlDelay                   
000007b9  SysCtlPeripheralEnable        
00000781  SysCtlPeripheralReady         
20000200  __STACK_END                   
00000200  __STACK_SIZE                  
20000200  __STACK_TOP                   
000008d8  __TI_CINIT_Base               
000008e0  __TI_CINIT_Limit              
000008c8  __TI_Handler_Table_Base       
000008d0  __TI_Handler_Table_Limit      
0000073d  __TI_auto_init_nobinit_nopinit
000006d5  __TI_decompress_lzss          
0000089d  __TI_decompress_none          
ffffffff  __TI_pprof_out_hndl           
ffffffff  __TI_prof_data_size           
ffffffff  __TI_prof_data_start          
00000000  __TI_static_base__            
00000549  __aeabi_memcpy                
00000549  __aeabi_memcpy4               
00000549  __aeabi_memcpy8               
ffffffff  __binit__                     
ffffffff  __c_args__                    
UNDEFED   __mpu_init                    
20000000  __stack                       
20000000  __start___llvm_prf_cnts       
20000000  __stop___llvm_prf_cnts        
000007ed  _c_int00_noargs               
UNDEFED   _system_post_cinit            
000008bd  _system_pre_init              
000008c1  abort                         
ffffffff  binit                         
00000000  g_pfnVectors                  
00000495  main                          
00000549  memcpy                        
0000088d  myDelay                       


GLOBAL SYMBOLS: SORTED BY Symbol Address 

address   name                          
-------   ----                          
00000000  __TI_static_base__            
00000000  g_pfnVectors                  
00000200  __STACK_SIZE                  
0000026d  GPIOPadConfigSet              
000003a1  SysCtlClockSet                
00000495  main                          
00000549  __aeabi_memcpy                
00000549  __aeabi_memcpy4               
00000549  __aeabi_memcpy8               
00000549  memcpy                        
000005e5  ButtonsPoll                   
0000066d  ButtonsInit                   
000006d5  __TI_decompress_lzss          
0000073d  __TI_auto_init_nobinit_nopinit
00000781  SysCtlPeripheralReady         
000007b9  SysCtlPeripheralEnable        
000007ed  _c_int00_noargs               
00000821  GPIODirModeSet                
0000084d  DelaySetup                    
00000875  GPIOPinTypeGPIOOutput         
0000088d  myDelay                       
0000089d  __TI_decompress_none          
000008ab  GPIOPinWrite                  
000008b1  ResetISR                      
000008b7  SysCtlDelay                   
000008bd  _system_pre_init              
000008c1  C$$EXIT                       
000008c1  abort                         
000008c8  __TI_Handler_Table_Base       
000008d0  __TI_Handler_Table_Limit      
000008d8  __TI_CINIT_Base               
000008e0  __TI_CINIT_Limit              
20000000  __stack                       
20000000  __start___llvm_prf_cnts       
20000000  __stop___llvm_prf_cnts        
20000200  __STACK_END                   
20000200  __STACK_TOP                   
ffffffff  __TI_pprof_out_hndl           
ffffffff  __TI_prof_data_size           
ffffffff  __TI_prof_data_start          
ffffffff  __binit__                     
ffffffff  __c_args__                    
ffffffff  binit                         
UNDEFED   __mpu_init                    
UNDEFED   _system_post_cinit            

[45 symbols]
