<?xml version="1.0" encoding="ISO-8859-1" ?>
<link_info>
   <banner>TI ARM Linker PC v20.2.5.LTS</banner>
   <copyright>Copyright (c) 1996-2018 Texas Instruments Incorporated</copyright>
   <link_time>0x626b4abb</link_time>
   <link_errors>0x0</link_errors>
   <output_file>Lab_4.out</output_file>
   <entry_point>
      <name>_c_int00_noargs</name>
      <address>0xd6d</address>
   </entry_point>
   <input_file_list>
      <input_file id="fl-2">
         <path>.\</path>
         <kind>object</kind>
         <file>Lab_4.obj</file>
         <name>Lab_4.obj</name>
      </input_file>
      <input_file id="fl-3">
         <path>.\</path>
         <kind>object</kind>
         <file>startup_ccs.obj</file>
         <name>startup_ccs.obj</name>
      </input_file>
      <input_file id="fl-8">
         <kind>object</kind>
         <file>&lt;internal&gt;</file>
         <name>&lt;internal&gt;</name>
      </input_file>
      <input_file id="fl-be">
         <path>C:\ti\ccs1110\ccs\tools\compiler\ti-cgt-arm_20.2.5.LTS\lib\</path>
         <kind>archive</kind>
         <file>rtsv7M4_T_le_v4SPD16_eabi.lib</file>
         <name>u_divt2.asm.obj</name>
      </input_file>
      <input_file id="fl-bf">
         <path>C:\ti\ccs1110\ccs\tools\compiler\ti-cgt-arm_20.2.5.LTS\lib\</path>
         <kind>archive</kind>
         <file>rtsv7M4_T_le_v4SPD16_eabi.lib</file>
         <name>copy_zero_init.c.obj</name>
      </input_file>
      <input_file id="fl-c0">
         <path>C:\ti\ccs1110\ccs\tools\compiler\ti-cgt-arm_20.2.5.LTS\lib\</path>
         <kind>archive</kind>
         <file>rtsv7M4_T_le_v4SPD16_eabi.lib</file>
         <name>copy_decompress_none.c.obj</name>
      </input_file>
      <input_file id="fl-c1">
         <path>C:\ti\ccs1110\ccs\tools\compiler\ti-cgt-arm_20.2.5.LTS\lib\</path>
         <kind>archive</kind>
         <file>rtsv7M4_T_le_v4SPD16_eabi.lib</file>
         <name>copy_decompress_lzss.c.obj</name>
      </input_file>
      <input_file id="fl-c2">
         <path>C:\ti\ccs1110\ccs\tools\compiler\ti-cgt-arm_20.2.5.LTS\lib\</path>
         <kind>archive</kind>
         <file>rtsv7M4_T_le_v4SPD16_eabi.lib</file>
         <name>boot_cortex_m.c.obj</name>
      </input_file>
      <input_file id="fl-c3">
         <path>C:\ti\ccs1110\ccs\tools\compiler\ti-cgt-arm_20.2.5.LTS\lib\</path>
         <kind>archive</kind>
         <file>rtsv7M4_T_le_v4SPD16_eabi.lib</file>
         <name>div0.asm.obj</name>
      </input_file>
      <input_file id="fl-c4">
         <path>C:\ti\ccs1110\ccs\tools\compiler\ti-cgt-arm_20.2.5.LTS\lib\</path>
         <kind>archive</kind>
         <file>rtsv7M4_T_le_v4SPD16_eabi.lib</file>
         <name>memcpy_t2.asm.obj</name>
      </input_file>
      <input_file id="fl-c5">
         <path>C:\ti\ccs1110\ccs\tools\compiler\ti-cgt-arm_20.2.5.LTS\lib\</path>
         <kind>archive</kind>
         <file>rtsv7M4_T_le_v4SPD16_eabi.lib</file>
         <name>memset_t2.asm.obj</name>
      </input_file>
      <input_file id="fl-c6">
         <path>C:\ti\ccs1110\ccs\tools\compiler\ti-cgt-arm_20.2.5.LTS\lib\</path>
         <kind>archive</kind>
         <file>rtsv7M4_T_le_v4SPD16_eabi.lib</file>
         <name>autoinit.c.obj</name>
      </input_file>
      <input_file id="fl-c7">
         <path>C:\ti\ccs1110\ccs\tools\compiler\ti-cgt-arm_20.2.5.LTS\lib\</path>
         <kind>archive</kind>
         <file>rtsv7M4_T_le_v4SPD16_eabi.lib</file>
         <name>pre_init.c.obj</name>
      </input_file>
      <input_file id="fl-c8">
         <path>C:\ti\ccs1110\ccs\tools\compiler\ti-cgt-arm_20.2.5.LTS\lib\</path>
         <kind>archive</kind>
         <file>rtsv7M4_T_le_v4SPD16_eabi.lib</file>
         <name>cpy_tbl.c.obj</name>
      </input_file>
      <input_file id="fl-c9">
         <path>C:\ti\ccs1110\ccs\tools\compiler\ti-cgt-arm_20.2.5.LTS\lib\</path>
         <kind>archive</kind>
         <file>rtsv7M4_T_le_v4SPD16_eabi.lib</file>
         <name>exit.c.obj</name>
      </input_file>
      <input_file id="fl-ca">
         <path>C:\ti\ccs1110\ccs\tools\compiler\ti-cgt-arm_20.2.5.LTS\lib\</path>
         <kind>archive</kind>
         <file>rtsv7M4_T_le_v4SPD16_eabi.lib</file>
         <name>_lock.c.obj</name>
      </input_file>
      <input_file id="fl-cb">
         <path>C:\ti\ccs1110\ccs\tools\compiler\ti-cgt-arm_20.2.5.LTS\lib\</path>
         <kind>archive</kind>
         <file>rtsv7M4_T_le_v4SPD16_eabi.lib</file>
         <name>args_main.c.obj</name>
      </input_file>
      <input_file id="fl-cc">
         <path>C:\ti\tivaware_c_series_2_1_4_178\driverlib\ccs\Debug\</path>
         <kind>archive</kind>
         <file>driverlib.lib</file>
         <name>gpio.obj</name>
      </input_file>
      <input_file id="fl-cd">
         <path>C:\ti\tivaware_c_series_2_1_4_178\driverlib\ccs\Debug\</path>
         <kind>archive</kind>
         <file>driverlib.lib</file>
         <name>i2c.obj</name>
      </input_file>
      <input_file id="fl-ce">
         <path>C:\ti\tivaware_c_series_2_1_4_178\driverlib\ccs\Debug\</path>
         <kind>archive</kind>
         <file>driverlib.lib</file>
         <name>interrupt.obj</name>
      </input_file>
      <input_file id="fl-cf">
         <path>C:\ti\tivaware_c_series_2_1_4_178\driverlib\ccs\Debug\</path>
         <kind>archive</kind>
         <file>driverlib.lib</file>
         <name>sysctl.obj</name>
      </input_file>
      <input_file id="fl-d0">
         <path>C:\ti\tivaware_c_series_2_1_4_178\driverlib\ccs\Debug\</path>
         <kind>archive</kind>
         <file>driverlib.lib</file>
         <name>uart.obj</name>
      </input_file>
      <input_file id="fl-d1">
         <path>C:\ti\tivaware_c_series_2_1_4_178\driverlib\ccs\Debug\</path>
         <kind>archive</kind>
         <file>driverlib.lib</file>
         <name>cpu.obj</name>
      </input_file>
   </input_file_list>
   <object_component_list>
      <object_component id="oc-12">
         <name>.intvecs</name>
         <load_address>0x0</load_address>
         <run_address>0x0</run_address>
         <size>0x26c</size>
         <input_file_ref idref="fl-3"/>
      </object_component>
      <object_component id="oc-1f2">
         <name>.text:UARTvprintf</name>
         <load_address>0x26c</load_address>
         <run_address>0x26c</run_address>
         <size>0x1ee</size>
         <input_file_ref idref="fl-2"/>
      </object_component>
      <object_component id="oc-1b3">
         <name>.text:GPIOPadConfigSet</name>
         <load_address>0x45a</load_address>
         <run_address>0x45a</run_address>
         <size>0x132</size>
         <input_file_ref idref="fl-cc"/>
      </object_component>
      <object_component id="oc-1cd">
         <name>.text:SysCtlClockGet</name>
         <load_address>0x58c</load_address>
         <run_address>0x58c</run_address>
         <size>0x110</size>
         <input_file_ref idref="fl-cf"/>
      </object_component>
      <object_component id="oc-128">
         <name>.text:SysCtlClockSet</name>
         <load_address>0x69c</load_address>
         <run_address>0x69c</run_address>
         <size>0xf4</size>
         <input_file_ref idref="fl-cf"/>
      </object_component>
      <object_component id="oc-eb">
         <name>.text:main</name>
         <load_address>0x790</load_address>
         <run_address>0x790</run_address>
         <size>0xec</size>
         <input_file_ref idref="fl-2"/>
      </object_component>
      <object_component id="oc-14c">
         <name>.text:InitConsole</name>
         <load_address>0x87c</load_address>
         <run_address>0x87c</run_address>
         <size>0xb4</size>
         <input_file_ref idref="fl-2"/>
      </object_component>
      <object_component id="oc-59">
         <name>.text</name>
         <load_address>0x930</load_address>
         <run_address>0x930</run_address>
         <size>0x9c</size>
         <input_file_ref idref="fl-c4"/>
      </object_component>
      <object_component id="oc-1e5">
         <name>.text:IntEnable</name>
         <load_address>0x9cc</load_address>
         <run_address>0x9cc</run_address>
         <size>0x68</size>
         <input_file_ref idref="fl-ce"/>
      </object_component>
      <object_component id="oc-15">
         <name>.text:decompress:lzss:__TI_decompress_lzss</name>
         <load_address>0xa34</load_address>
         <run_address>0xa34</run_address>
         <size>0x68</size>
         <input_file_ref idref="fl-c1"/>
      </object_component>
      <object_component id="oc-164">
         <name>.text:I2C_Comm</name>
         <load_address>0xa9c</load_address>
         <run_address>0xa9c</run_address>
         <size>0x60</size>
         <input_file_ref idref="fl-2"/>
      </object_component>
      <object_component id="oc-1d9">
         <name>.text:UARTStdioConfig</name>
         <load_address>0xafc</load_address>
         <run_address>0xafc</run_address>
         <size>0x60</size>
         <input_file_ref idref="fl-2"/>
      </object_component>
      <object_component id="oc-206">
         <name>.text:I2CMasterInitExpClk</name>
         <load_address>0xb5c</load_address>
         <run_address>0xb5c</run_address>
         <size>0x4c</size>
         <input_file_ref idref="fl-cd"/>
      </object_component>
      <object_component id="oc-13a">
         <name>.text:GPIOPinConfigure</name>
         <load_address>0xba8</load_address>
         <run_address>0xba8</run_address>
         <size>0x48</size>
         <input_file_ref idref="fl-cc"/>
      </object_component>
      <object_component id="oc-284">
         <name>.text:UARTwrite</name>
         <load_address>0xbf0</load_address>
         <run_address>0xbf0</run_address>
         <size>0x48</size>
         <input_file_ref idref="fl-2"/>
      </object_component>
      <object_component id="oc-1d3">
         <name>.text:UARTConfigSetExpClk</name>
         <load_address>0xc38</load_address>
         <run_address>0xc38</run_address>
         <size>0x46</size>
         <input_file_ref idref="fl-d0"/>
      </object_component>
      <object_component id="oc-33">
         <name>.text:FaultISR</name>
         <load_address>0xc7e</load_address>
         <run_address>0xc7e</run_address>
         <size>0x2</size>
         <input_file_ref idref="fl-3"/>
      </object_component>
      <object_component id="oc-177">
         <name>.text:__TI_auto_init_nobinit_nopinit:__TI_auto_init_nobinit_nopinit</name>
         <load_address>0xc80</load_address>
         <run_address>0xc80</run_address>
         <size>0x44</size>
         <input_file_ref idref="fl-c6"/>
      </object_component>
      <object_component id="oc-28a">
         <name>.text</name>
         <load_address>0xcc4</load_address>
         <run_address>0xcc4</run_address>
         <size>0x40</size>
         <input_file_ref idref="fl-be"/>
      </object_component>
      <object_component id="oc-12e">
         <name>.text:SysCtlPeripheralEnable</name>
         <load_address>0xd04</load_address>
         <run_address>0xd04</run_address>
         <size>0x34</size>
         <input_file_ref idref="fl-cf"/>
      </object_component>
      <object_component id="oc-3f">
         <name>.text:UART0IntHandler</name>
         <load_address>0xd38</load_address>
         <run_address>0xd38</run_address>
         <size>0x34</size>
         <input_file_ref idref="fl-2"/>
      </object_component>
      <object_component id="oc-77">
         <name>.text:_c_int00_noargs:_c_int00_noargs</name>
         <load_address>0xd6c</load_address>
         <run_address>0xd6c</run_address>
         <size>0x34</size>
         <input_file_ref idref="fl-c2"/>
      </object_component>
      <object_component id="oc-1b9">
         <name>.text:GPIODirModeSet</name>
         <load_address>0xda0</load_address>
         <run_address>0xda0</run_address>
         <size>0x2a</size>
         <input_file_ref idref="fl-cc"/>
      </object_component>
      <object_component id="oc-39">
         <name>.text:IntDefaultHandler</name>
         <load_address>0xdca</load_address>
         <run_address>0xdca</run_address>
         <size>0x2</size>
         <input_file_ref idref="fl-3"/>
      </object_component>
      <object_component id="oc-45">
         <name>.text:I2C0SlaveIntHandler</name>
         <load_address>0xdcc</load_address>
         <run_address>0xdcc</run_address>
         <size>0x20</size>
         <input_file_ref idref="fl-2"/>
      </object_component>
      <object_component id="oc-25d">
         <name>.text:UARTDisable</name>
         <load_address>0xdec</load_address>
         <run_address>0xdec</run_address>
         <size>0x20</size>
         <input_file_ref idref="fl-d0"/>
      </object_component>
      <object_component id="oc-65">
         <name>.text:decompress:ZI:__TI_zero_init_nomemset:__TI_zero_init_nomemset</name>
         <load_address>0xe0c</load_address>
         <run_address>0xe0c</run_address>
         <size>0x1c</size>
         <input_file_ref idref="fl-bf"/>
      </object_component>
      <object_component id="oc-152">
         <name>.text:UARTprintf</name>
         <load_address>0xe28</load_address>
         <run_address>0xe28</run_address>
         <size>0x1a</size>
         <input_file_ref idref="fl-2"/>
      </object_component>
      <object_component id="oc-134">
         <name>.text:GPIOPinTypeGPIOOutput</name>
         <load_address>0xe42</load_address>
         <run_address>0xe42</run_address>
         <size>0x18</size>
         <input_file_ref idref="fl-cc"/>
      </object_component>
      <object_component id="oc-263">
         <name>.text:UARTEnable</name>
         <load_address>0xe5a</load_address>
         <run_address>0xe5a</run_address>
         <size>0x14</size>
         <input_file_ref idref="fl-d0"/>
      </object_component>
      <object_component id="oc-146">
         <name>.text:GPIOPinTypeI2C</name>
         <load_address>0xe6e</load_address>
         <run_address>0xe6e</run_address>
         <size>0x12</size>
         <input_file_ref idref="fl-cc"/>
      </object_component>
      <object_component id="oc-140">
         <name>.text:GPIOPinTypeI2CSCL</name>
         <load_address>0xe80</load_address>
         <run_address>0xe80</run_address>
         <size>0x12</size>
         <input_file_ref idref="fl-cc"/>
      </object_component>
      <object_component id="oc-1c7">
         <name>.text:GPIOPinTypeUART</name>
         <load_address>0xe92</load_address>
         <run_address>0xe92</run_address>
         <size>0x12</size>
         <input_file_ref idref="fl-cc"/>
      </object_component>
      <object_component id="oc-20c">
         <name>.text:I2CSlaveEnable</name>
         <load_address>0xea4</load_address>
         <run_address>0xea4</run_address>
         <size>0x10</size>
         <input_file_ref idref="fl-cd"/>
      </object_component>
      <object_component id="oc-1df">
         <name>.text:IntMasterEnable</name>
         <load_address>0xeb4</load_address>
         <run_address>0xeb4</run_address>
         <size>0x10</size>
         <input_file_ref idref="fl-ce"/>
      </object_component>
      <object_component id="oc-212">
         <name>.text:I2CSlaveInit</name>
         <load_address>0xec4</load_address>
         <run_address>0xec4</run_address>
         <size>0xe</size>
         <input_file_ref idref="fl-cd"/>
      </object_component>
      <object_component id="oc-9b">
         <name>.text:UARTCharGetNonBlocking</name>
         <load_address>0xed2</load_address>
         <run_address>0xed2</run_address>
         <size>0xe</size>
         <input_file_ref idref="fl-d0"/>
      </object_component>
      <object_component id="oc-a1">
         <name>.text:UARTCharPutNonBlocking</name>
         <load_address>0xee0</load_address>
         <run_address>0xee0</run_address>
         <size>0xe</size>
         <input_file_ref idref="fl-d0"/>
      </object_component>
      <object_component id="oc-a7">
         <name>.text:UARTCharsAvail</name>
         <load_address>0xeee</load_address>
         <run_address>0xeee</run_address>
         <size>0xe</size>
         <input_file_ref idref="fl-d0"/>
      </object_component>
      <object_component id="oc-1b">
         <name>.text:decompress:none:__TI_decompress_none</name>
         <load_address>0xefc</load_address>
         <run_address>0xefc</run_address>
         <size>0xe</size>
         <input_file_ref idref="fl-c0"/>
      </object_component>
      <object_component id="oc-277">
         <name>.text:CPUcpsie</name>
         <load_address>0xf0a</load_address>
         <run_address>0xf0a</run_address>
         <size>0xc</size>
         <input_file_ref idref="fl-d1"/>
      </object_component>
      <object_component id="oc-200">
         <name>.text:I2CSlaveIntEnableEx</name>
         <load_address>0xf16</load_address>
         <run_address>0xf16</run_address>
         <size>0xc</size>
         <input_file_ref idref="fl-cd"/>
      </object_component>
      <object_component id="oc-291">
         <name>.text:I2CMasterEnable</name>
         <load_address>0xf22</load_address>
         <run_address>0xf22</run_address>
         <size>0xa</size>
         <input_file_ref idref="fl-cd"/>
      </object_component>
      <object_component id="oc-15e">
         <name>.text:UARTCharGet</name>
         <load_address>0xf2c</load_address>
         <run_address>0xf2c</run_address>
         <size>0xa</size>
         <input_file_ref idref="fl-d0"/>
      </object_component>
      <object_component id="oc-8f">
         <name>.text:UARTIntStatus</name>
         <load_address>0xf36</load_address>
         <run_address>0xf36</run_address>
         <size>0xa</size>
         <input_file_ref idref="fl-d0"/>
      </object_component>
      <object_component id="oc-218">
         <name>.text:I2CMasterSlaveAddrSet</name>
         <load_address>0xf40</load_address>
         <run_address>0xf40</run_address>
         <size>0x8</size>
         <input_file_ref idref="fl-cd"/>
      </object_component>
      <object_component id="oc-b3">
         <name>.text:I2CSlaveIntClear</name>
         <load_address>0xf48</load_address>
         <run_address>0xf48</run_address>
         <size>0x8</size>
         <input_file_ref idref="fl-cd"/>
      </object_component>
      <object_component id="oc-1eb">
         <name>.text:UARTIntEnable</name>
         <load_address>0xf50</load_address>
         <run_address>0xf50</run_address>
         <size>0x8</size>
         <input_file_ref idref="fl-d0"/>
      </object_component>
      <object_component id="oc-158">
         <name>.text:GPIOPinWrite</name>
         <load_address>0xf58</load_address>
         <run_address>0xf58</run_address>
         <size>0x6</size>
         <input_file_ref idref="fl-cc"/>
      </object_component>
      <object_component id="oc-b9">
         <name>.text:I2CSlaveDataGet</name>
         <load_address>0xf5e</load_address>
         <run_address>0xf5e</run_address>
         <size>0x6</size>
         <input_file_ref idref="fl-cd"/>
      </object_component>
      <object_component id="oc-27">
         <name>.text:ResetISR</name>
         <load_address>0xf64</load_address>
         <run_address>0xf64</run_address>
         <size>0x6</size>
         <input_file_ref idref="fl-3"/>
      </object_component>
      <object_component id="oc-1af">
         <name>.text:SysCtlDelay</name>
         <load_address>0xf6a</load_address>
         <run_address>0xf6a</run_address>
         <size>0x6</size>
         <input_file_ref idref="fl-cf"/>
      </object_component>
      <object_component id="oc-224">
         <name>.text:I2CMasterControl</name>
         <load_address>0xf70</load_address>
         <run_address>0xf70</run_address>
         <size>0x4</size>
         <input_file_ref idref="fl-cd"/>
      </object_component>
      <object_component id="oc-21e">
         <name>.text:I2CMasterDataPut</name>
         <load_address>0xf74</load_address>
         <run_address>0xf74</run_address>
         <size>0x4</size>
         <input_file_ref idref="fl-cd"/>
      </object_component>
      <object_component id="oc-95">
         <name>.text:UARTIntClear</name>
         <load_address>0xf78</load_address>
         <run_address>0xf78</run_address>
         <size>0x4</size>
         <input_file_ref idref="fl-d0"/>
      </object_component>
      <object_component id="oc-e5">
         <name>.text:_system_pre_init</name>
         <load_address>0xf7c</load_address>
         <run_address>0xf7c</run_address>
         <size>0x4</size>
         <input_file_ref idref="fl-c7"/>
      </object_component>
      <object_component id="oc-16b">
         <name>.text:abort:abort</name>
         <load_address>0xf80</load_address>
         <run_address>0xf80</run_address>
         <size>0x4</size>
         <input_file_ref idref="fl-c9"/>
      </object_component>
      <object_component id="oc-2d">
         <name>.text:NmiSR</name>
         <load_address>0xf84</load_address>
         <run_address>0xf84</run_address>
         <size>0x2</size>
         <input_file_ref idref="fl-3"/>
      </object_component>
      <object_component id="oc-2d0">
         <name>.text</name>
         <load_address>0xf86</load_address>
         <run_address>0xf86</run_address>
         <size>0x2</size>
         <input_file_ref idref="fl-c3"/>
      </object_component>
      <object_component id="oc-1c1">
         <name>.const:g_pui32GPIOBaseAddrs</name>
         <load_address>0xf88</load_address>
         <run_address>0xf88</run_address>
         <size>0x90</size>
         <input_file_ref idref="fl-cc"/>
      </object_component>
      <object_component id="oc-27e">
         <name>.const</name>
         <load_address>0x1018</load_address>
         <run_address>0x1018</run_address>
         <size>0x70</size>
         <input_file_ref idref="fl-ce"/>
      </object_component>
      <object_component id="oc-259">
         <name>.const:g_pui32Xtals</name>
         <load_address>0x1088</load_address>
         <run_address>0x1088</run_address>
         <size>0x6c</size>
         <input_file_ref idref="fl-cf"/>
      </object_component>
      <object_component id="oc-273">
         <name>.const:g_ui32UARTBase</name>
         <load_address>0x10f4</load_address>
         <run_address>0x10f4</run_address>
         <size>0xc</size>
         <input_file_ref idref="fl-2"/>
      </object_component>
      <object_component id="oc-26a">
         <name>.const:g_ui32UARTPeriph</name>
         <load_address>0x1100</load_address>
         <run_address>0x1100</run_address>
         <size>0xc</size>
         <input_file_ref idref="fl-2"/>
      </object_component>
      <object_component id="oc-310">
         <name>__TI_handler_table</name>
         <load_address>0x1110</load_address>
         <run_address>0x1110</run_address>
         <size>0xc</size>
      </object_component>
      <object_component id="oc-313">
         <name>.cinit..bss.load</name>
         <load_address>0x1120</load_address>
         <run_address>0x1120</run_address>
         <size>0x8</size>
      </object_component>
      <object_component id="oc-312">
         <name>.cinit..data.load</name>
         <load_address>0x1128</load_address>
         <run_address>0x1128</run_address>
         <size>0x7</size>
      </object_component>
      <object_component id="oc-311">
         <name>__TI_cinit_table</name>
         <load_address>0x1130</load_address>
         <run_address>0x1130</run_address>
         <size>0x10</size>
      </object_component>
      <object_component id="oc-26d">
         <name>.data</name>
         <load_address>0x20000200</load_address>
         <run_address>0x20000200</run_address>
         <size>0x5</size>
         <input_file_ref idref="fl-2"/>
      </object_component>
      <object_component id="oc-bf">
         <name>.bss</name>
         <uninitialized>true</uninitialized>
         <run_address>0x20000208</run_address>
         <size>0x4</size>
         <input_file_ref idref="fl-2"/>
      </object_component>
      <object_component id="oc-24">
         <name>.stack</name>
         <uninitialized>true</uninitialized>
         <run_address>0x20000000</run_address>
         <size>0x4</size>
         <input_file_ref idref="fl-c2"/>
      </object_component>
      <object_component id="oc-315">
         <name>.stack</name>
         <uninitialized>true</uninitialized>
         <run_address>0x20000000</run_address>
         <size>0x0</size>
      </object_component>
      <object_component id="oc-117">
         <name>.debug_info</name>
         <load_address>0x0</load_address>
         <run_address>0x0</run_address>
         <size>0x8a8</size>
         <input_file_ref idref="fl-2"/>
      </object_component>
      <object_component id="oc-26e">
         <name>.debug_info</name>
         <load_address>0x8a8</load_address>
         <run_address>0x8a8</run_address>
         <size>0xcc</size>
         <input_file_ref idref="fl-2"/>
      </object_component>
      <object_component id="oc-274">
         <name>.debug_info</name>
         <load_address>0x974</load_address>
         <run_address>0x974</run_address>
         <size>0xd4</size>
         <input_file_ref idref="fl-2"/>
      </object_component>
      <object_component id="oc-26b">
         <name>.debug_info</name>
         <load_address>0xa48</load_address>
         <run_address>0xa48</run_address>
         <size>0xd8</size>
         <input_file_ref idref="fl-2"/>
      </object_component>
      <object_component id="oc-c0">
         <name>.debug_info</name>
         <load_address>0xb20</load_address>
         <run_address>0xb20</run_address>
         <size>0xcc</size>
         <input_file_ref idref="fl-2"/>
      </object_component>
      <object_component id="oc-1da">
         <name>.debug_info</name>
         <load_address>0xbec</load_address>
         <run_address>0xbec</run_address>
         <size>0x226</size>
         <input_file_ref idref="fl-2"/>
      </object_component>
      <object_component id="oc-285">
         <name>.debug_info</name>
         <load_address>0xe12</load_address>
         <run_address>0xe12</run_address>
         <size>0x1c3</size>
         <input_file_ref idref="fl-2"/>
      </object_component>
      <object_component id="oc-1f3">
         <name>.debug_info</name>
         <load_address>0xfd5</load_address>
         <run_address>0xfd5</run_address>
         <size>0x2f5</size>
         <input_file_ref idref="fl-2"/>
      </object_component>
      <object_component id="oc-153">
         <name>.debug_info</name>
         <load_address>0x12ca</load_address>
         <run_address>0x12ca</run_address>
         <size>0x190</size>
         <input_file_ref idref="fl-2"/>
      </object_component>
      <object_component id="oc-14d">
         <name>.debug_info</name>
         <load_address>0x145a</load_address>
         <run_address>0x145a</run_address>
         <size>0x26b</size>
         <input_file_ref idref="fl-2"/>
      </object_component>
      <object_component id="oc-165">
         <name>.debug_info</name>
         <load_address>0x16c5</load_address>
         <run_address>0x16c5</run_address>
         <size>0x20c</size>
         <input_file_ref idref="fl-2"/>
      </object_component>
      <object_component id="oc-ec">
         <name>.debug_info</name>
         <load_address>0x18d1</load_address>
         <run_address>0x18d1</run_address>
         <size>0x258</size>
         <input_file_ref idref="fl-2"/>
      </object_component>
      <object_component id="oc-270">
         <name>.debug_info</name>
         <load_address>0x1b29</load_address>
         <run_address>0x1b29</run_address>
         <size>0x20e</size>
         <input_file_ref idref="fl-2"/>
      </object_component>
      <object_component id="oc-40">
         <name>.debug_info</name>
         <load_address>0x1d37</load_address>
         <run_address>0x1d37</run_address>
         <size>0x196</size>
         <input_file_ref idref="fl-2"/>
      </object_component>
      <object_component id="oc-46">
         <name>.debug_info</name>
         <load_address>0x1ecd</load_address>
         <run_address>0x1ecd</run_address>
         <size>0x138</size>
         <input_file_ref idref="fl-2"/>
      </object_component>
      <object_component id="oc-c5">
         <name>.debug_info</name>
         <load_address>0x2005</load_address>
         <run_address>0x2005</run_address>
         <size>0x26b</size>
         <input_file_ref idref="fl-2"/>
      </object_component>
      <object_component id="oc-103">
         <name>.debug_info</name>
         <load_address>0x2270</load_address>
         <run_address>0x2270</run_address>
         <size>0x8b</size>
         <input_file_ref idref="fl-2"/>
      </object_component>
      <object_component id="oc-10d">
         <name>.debug_info</name>
         <load_address>0x22fb</load_address>
         <run_address>0x22fb</run_address>
         <size>0x2a4</size>
         <input_file_ref idref="fl-2"/>
      </object_component>
      <object_component id="oc-ae">
         <name>.debug_info</name>
         <load_address>0x259f</load_address>
         <run_address>0x259f</run_address>
         <size>0xbb</size>
         <input_file_ref idref="fl-2"/>
      </object_component>
      <object_component id="oc-1f9">
         <name>.debug_info</name>
         <load_address>0x265a</load_address>
         <run_address>0x265a</run_address>
         <size>0x2c</size>
         <input_file_ref idref="fl-2"/>
      </object_component>
      <object_component id="oc-4d">
         <name>.debug_info</name>
         <load_address>0x2686</load_address>
         <run_address>0x2686</run_address>
         <size>0x2ec</size>
         <input_file_ref idref="fl-3"/>
      </object_component>
      <object_component id="oc-13">
         <name>.debug_info</name>
         <load_address>0x2972</load_address>
         <run_address>0x2972</run_address>
         <size>0xd7</size>
         <input_file_ref idref="fl-3"/>
      </object_component>
      <object_component id="oc-29">
         <name>.debug_info</name>
         <load_address>0x2a49</load_address>
         <run_address>0x2a49</run_address>
         <size>0x107</size>
         <input_file_ref idref="fl-3"/>
      </object_component>
      <object_component id="oc-2f">
         <name>.debug_info</name>
         <load_address>0x2b50</load_address>
         <run_address>0x2b50</run_address>
         <size>0xf6</size>
         <input_file_ref idref="fl-3"/>
      </object_component>
      <object_component id="oc-3a">
         <name>.debug_info</name>
         <load_address>0x2c46</load_address>
         <run_address>0x2c46</run_address>
         <size>0x110</size>
         <input_file_ref idref="fl-3"/>
      </object_component>
      <object_component id="oc-34">
         <name>.debug_info</name>
         <load_address>0x2d56</load_address>
         <run_address>0x2d56</run_address>
         <size>0xfe</size>
         <input_file_ref idref="fl-3"/>
      </object_component>
      <object_component id="oc-54">
         <name>.debug_info</name>
         <load_address>0x2e54</load_address>
         <run_address>0x2e54</run_address>
         <size>0x84</size>
         <input_file_ref idref="fl-3"/>
      </object_component>
      <object_component id="oc-28b">
         <name>.debug_info</name>
         <load_address>0x2ed8</load_address>
         <run_address>0x2ed8</run_address>
         <size>0x142</size>
         <input_file_ref idref="fl-be"/>
      </object_component>
      <object_component id="oc-de">
         <name>.debug_info</name>
         <load_address>0x301a</load_address>
         <run_address>0x301a</run_address>
         <size>0x2d4</size>
         <input_file_ref idref="fl-bf"/>
      </object_component>
      <object_component id="oc-66">
         <name>.debug_info</name>
         <load_address>0x32ee</load_address>
         <run_address>0x32ee</run_address>
         <size>0x1d2</size>
         <input_file_ref idref="fl-bf"/>
      </object_component>
      <object_component id="oc-d9">
         <name>.debug_info</name>
         <load_address>0x34c0</load_address>
         <run_address>0x34c0</run_address>
         <size>0x46</size>
         <input_file_ref idref="fl-bf"/>
      </object_component>
      <object_component id="oc-11f">
         <name>.debug_info</name>
         <load_address>0x3506</load_address>
         <run_address>0x3506</run_address>
         <size>0x2c</size>
         <input_file_ref idref="fl-bf"/>
      </object_component>
      <object_component id="oc-64">
         <name>.debug_info</name>
         <load_address>0x3532</load_address>
         <run_address>0x3532</run_address>
         <size>0x2a8</size>
         <input_file_ref idref="fl-c0"/>
      </object_component>
      <object_component id="oc-1c">
         <name>.debug_info</name>
         <load_address>0x37da</load_address>
         <run_address>0x37da</run_address>
         <size>0x1ea</size>
         <input_file_ref idref="fl-c0"/>
      </object_component>
      <object_component id="oc-5f">
         <name>.debug_info</name>
         <load_address>0x39c4</load_address>
         <run_address>0x39c4</run_address>
         <size>0x46</size>
         <input_file_ref idref="fl-c0"/>
      </object_component>
      <object_component id="oc-d1">
         <name>.debug_info</name>
         <load_address>0x3a0a</load_address>
         <run_address>0x3a0a</run_address>
         <size>0x2c</size>
         <input_file_ref idref="fl-c0"/>
      </object_component>
      <object_component id="oc-cf">
         <name>.debug_info</name>
         <load_address>0x3a36</load_address>
         <run_address>0x3a36</run_address>
         <size>0x29e</size>
         <input_file_ref idref="fl-c1"/>
      </object_component>
      <object_component id="oc-16">
         <name>.debug_info</name>
         <load_address>0x3cd4</load_address>
         <run_address>0x3cd4</run_address>
         <size>0x250</size>
         <input_file_ref idref="fl-c1"/>
      </object_component>
      <object_component id="oc-4f">
         <name>.debug_info</name>
         <load_address>0x3f24</load_address>
         <run_address>0x3f24</run_address>
         <size>0x60</size>
         <input_file_ref idref="fl-c1"/>
      </object_component>
      <object_component id="oc-118">
         <name>.debug_info</name>
         <load_address>0x3f84</load_address>
         <run_address>0x3f84</run_address>
         <size>0x46</size>
         <input_file_ref idref="fl-c1"/>
      </object_component>
      <object_component id="oc-ca">
         <name>.debug_info</name>
         <load_address>0x3fca</load_address>
         <run_address>0x3fca</run_address>
         <size>0x39</size>
         <input_file_ref idref="fl-c1"/>
      </object_component>
      <object_component id="oc-25">
         <name>.debug_info</name>
         <load_address>0x4003</load_address>
         <run_address>0x4003</run_address>
         <size>0x10b</size>
         <input_file_ref idref="fl-c2"/>
      </object_component>
      <object_component id="oc-7b">
         <name>.debug_info</name>
         <load_address>0x410e</load_address>
         <run_address>0x410e</run_address>
         <size>0x1a9</size>
         <input_file_ref idref="fl-c2"/>
      </object_component>
      <object_component id="oc-2d1">
         <name>.debug_info</name>
         <load_address>0x42b7</load_address>
         <run_address>0x42b7</run_address>
         <size>0x115</size>
         <input_file_ref idref="fl-c3"/>
      </object_component>
      <object_component id="oc-5a">
         <name>.debug_info</name>
         <load_address>0x43cc</load_address>
         <run_address>0x43cc</run_address>
         <size>0x119</size>
         <input_file_ref idref="fl-c4"/>
      </object_component>
      <object_component id="oc-236">
         <name>.debug_info</name>
         <load_address>0x44e5</load_address>
         <run_address>0x44e5</run_address>
         <size>0x4b3</size>
         <input_file_ref idref="fl-c6"/>
      </object_component>
      <object_component id="oc-178">
         <name>.debug_info</name>
         <load_address>0x4998</load_address>
         <run_address>0x4998</run_address>
         <size>0x1a6</size>
         <input_file_ref idref="fl-c6"/>
      </object_component>
      <object_component id="oc-2ad">
         <name>.debug_info</name>
         <load_address>0x4b3e</load_address>
         <run_address>0x4b3e</run_address>
         <size>0x39</size>
         <input_file_ref idref="fl-c6"/>
      </object_component>
      <object_component id="oc-2da">
         <name>.debug_info</name>
         <load_address>0x4b77</load_address>
         <run_address>0x4b77</run_address>
         <size>0x39</size>
         <input_file_ref idref="fl-c6"/>
      </object_component>
      <object_component id="oc-2b2">
         <name>.debug_info</name>
         <load_address>0x4bb0</load_address>
         <run_address>0x4bb0</run_address>
         <size>0x39</size>
         <input_file_ref idref="fl-c6"/>
      </object_component>
      <object_component id="oc-2b7">
         <name>.debug_info</name>
         <load_address>0x4be9</load_address>
         <run_address>0x4be9</run_address>
         <size>0xcd</size>
         <input_file_ref idref="fl-c6"/>
      </object_component>
      <object_component id="oc-e7">
         <name>.debug_info</name>
         <load_address>0x4cb6</load_address>
         <run_address>0x4cb6</run_address>
         <size>0x153</size>
         <input_file_ref idref="fl-c7"/>
      </object_component>
      <object_component id="oc-16f">
         <name>.debug_info</name>
         <load_address>0x4e09</load_address>
         <run_address>0x4e09</run_address>
         <size>0x122</size>
         <input_file_ref idref="fl-c9"/>
      </object_component>
      <object_component id="oc-1c0">
         <name>.debug_info</name>
         <load_address>0x4f2b</load_address>
         <run_address>0x4f2b</run_address>
         <size>0x240</size>
         <input_file_ref idref="fl-cc"/>
      </object_component>
      <object_component id="oc-1c2">
         <name>.debug_info</name>
         <load_address>0x516b</load_address>
         <run_address>0x516b</run_address>
         <size>0x15b</size>
         <input_file_ref idref="fl-cc"/>
      </object_component>
      <object_component id="oc-159">
         <name>.debug_info</name>
         <load_address>0x52c6</load_address>
         <run_address>0x52c6</run_address>
         <size>0x2a3</size>
         <input_file_ref idref="fl-cc"/>
      </object_component>
      <object_component id="oc-1ba">
         <name>.debug_info</name>
         <load_address>0x5569</load_address>
         <run_address>0x5569</run_address>
         <size>0x2b3</size>
         <input_file_ref idref="fl-cc"/>
      </object_component>
      <object_component id="oc-1b4">
         <name>.debug_info</name>
         <load_address>0x581c</load_address>
         <run_address>0x581c</run_address>
         <size>0x316</size>
         <input_file_ref idref="fl-cc"/>
      </object_component>
      <object_component id="oc-1c8">
         <name>.debug_info</name>
         <load_address>0x5b32</load_address>
         <run_address>0x5b32</run_address>
         <size>0x27b</size>
         <input_file_ref idref="fl-cc"/>
      </object_component>
      <object_component id="oc-141">
         <name>.debug_info</name>
         <load_address>0x5dad</load_address>
         <run_address>0x5dad</run_address>
         <size>0x27f</size>
         <input_file_ref idref="fl-cc"/>
      </object_component>
      <object_component id="oc-147">
         <name>.debug_info</name>
         <load_address>0x602c</load_address>
         <run_address>0x602c</run_address>
         <size>0x279</size>
         <input_file_ref idref="fl-cc"/>
      </object_component>
      <object_component id="oc-135">
         <name>.debug_info</name>
         <load_address>0x62a5</load_address>
         <run_address>0x62a5</run_address>
         <size>0x2b7</size>
         <input_file_ref idref="fl-cc"/>
      </object_component>
      <object_component id="oc-13b">
         <name>.debug_info</name>
         <load_address>0x655c</load_address>
         <run_address>0x655c</run_address>
         <size>0x280</size>
         <input_file_ref idref="fl-cc"/>
      </object_component>
      <object_component id="oc-fe">
         <name>.debug_info</name>
         <load_address>0x67dc</load_address>
         <run_address>0x67dc</run_address>
         <size>0x18b</size>
         <input_file_ref idref="fl-cc"/>
      </object_component>
      <object_component id="oc-113">
         <name>.debug_info</name>
         <load_address>0x6967</load_address>
         <run_address>0x6967</run_address>
         <size>0x231</size>
         <input_file_ref idref="fl-cd"/>
      </object_component>
      <object_component id="oc-201">
         <name>.debug_info</name>
         <load_address>0x6b98</load_address>
         <run_address>0x6b98</run_address>
         <size>0x298</size>
         <input_file_ref idref="fl-cd"/>
      </object_component>
      <object_component id="oc-b4">
         <name>.debug_info</name>
         <load_address>0x6e30</load_address>
         <run_address>0x6e30</run_address>
         <size>0x250</size>
         <input_file_ref idref="fl-cd"/>
      </object_component>
      <object_component id="oc-20d">
         <name>.debug_info</name>
         <load_address>0x7080</load_address>
         <run_address>0x7080</run_address>
         <size>0x24c</size>
         <input_file_ref idref="fl-cd"/>
      </object_component>
      <object_component id="oc-213">
         <name>.debug_info</name>
         <load_address>0x72cc</load_address>
         <run_address>0x72cc</run_address>
         <size>0x29f</size>
         <input_file_ref idref="fl-cd"/>
      </object_component>
      <object_component id="oc-ba">
         <name>.debug_info</name>
         <load_address>0x756b</load_address>
         <run_address>0x756b</run_address>
         <size>0x252</size>
         <input_file_ref idref="fl-cd"/>
      </object_component>
      <object_component id="oc-219">
         <name>.debug_info</name>
         <load_address>0x77bd</load_address>
         <run_address>0x77bd</run_address>
         <size>0x2ce</size>
         <input_file_ref idref="fl-cd"/>
      </object_component>
      <object_component id="oc-292">
         <name>.debug_info</name>
         <load_address>0x7a8b</load_address>
         <run_address>0x7a8b</run_address>
         <size>0x24e</size>
         <input_file_ref idref="fl-cd"/>
      </object_component>
      <object_component id="oc-207">
         <name>.debug_info</name>
         <load_address>0x7cd9</load_address>
         <run_address>0x7cd9</run_address>
         <size>0x2d5</size>
         <input_file_ref idref="fl-cd"/>
      </object_component>
      <object_component id="oc-21f">
         <name>.debug_info</name>
         <load_address>0x7fae</load_address>
         <run_address>0x7fae</run_address>
         <size>0x27e</size>
         <input_file_ref idref="fl-cd"/>
      </object_component>
      <object_component id="oc-225">
         <name>.debug_info</name>
         <load_address>0x822c</load_address>
         <run_address>0x822c</run_address>
         <size>0x27e</size>
         <input_file_ref idref="fl-cd"/>
      </object_component>
      <object_component id="oc-282">
         <name>.debug_info</name>
         <load_address>0x84aa</load_address>
         <run_address>0x84aa</run_address>
         <size>0x20e</size>
         <input_file_ref idref="fl-ce"/>
      </object_component>
      <object_component id="oc-27f">
         <name>.debug_info</name>
         <load_address>0x86b8</load_address>
         <run_address>0x86b8</run_address>
         <size>0x210</size>
         <input_file_ref idref="fl-ce"/>
      </object_component>
      <object_component id="oc-1e0">
         <name>.debug_info</name>
         <load_address>0x88c8</load_address>
         <run_address>0x88c8</run_address>
         <size>0x23e</size>
         <input_file_ref idref="fl-ce"/>
      </object_component>
      <object_component id="oc-1e6">
         <name>.debug_info</name>
         <load_address>0x8b06</load_address>
         <run_address>0x8b06</run_address>
         <size>0x268</size>
         <input_file_ref idref="fl-ce"/>
      </object_component>
      <object_component id="oc-1b1">
         <name>.debug_info</name>
         <load_address>0x8d6e</load_address>
         <run_address>0x8d6e</run_address>
         <size>0x298</size>
         <input_file_ref idref="fl-cf"/>
      </object_component>
      <object_component id="oc-25a">
         <name>.debug_info</name>
         <load_address>0x9006</load_address>
         <run_address>0x9006</run_address>
         <size>0x14d</size>
         <input_file_ref idref="fl-cf"/>
      </object_component>
      <object_component id="oc-12f">
         <name>.debug_info</name>
         <load_address>0x9153</load_address>
         <run_address>0x9153</run_address>
         <size>0x27d</size>
         <input_file_ref idref="fl-cf"/>
      </object_component>
      <object_component id="oc-129">
         <name>.debug_info</name>
         <load_address>0x93d0</load_address>
         <run_address>0x93d0</run_address>
         <size>0x2db</size>
         <input_file_ref idref="fl-cf"/>
      </object_component>
      <object_component id="oc-1ce">
         <name>.debug_info</name>
         <load_address>0x96ab</load_address>
         <run_address>0x96ab</run_address>
         <size>0x2b5</size>
         <input_file_ref idref="fl-cf"/>
      </object_component>
      <object_component id="oc-24d">
         <name>.debug_info</name>
         <load_address>0x9960</load_address>
         <run_address>0x9960</run_address>
         <size>0x5f</size>
         <input_file_ref idref="fl-cf"/>
      </object_component>
      <object_component id="oc-108">
         <name>.debug_info</name>
         <load_address>0x99bf</load_address>
         <run_address>0x99bf</run_address>
         <size>0x227</size>
         <input_file_ref idref="fl-d0"/>
      </object_component>
      <object_component id="oc-92">
         <name>.debug_info</name>
         <load_address>0x9be6</load_address>
         <run_address>0x9be6</run_address>
         <size>0x27f</size>
         <input_file_ref idref="fl-d0"/>
      </object_component>
      <object_component id="oc-1ee">
         <name>.debug_info</name>
         <load_address>0x9e65</load_address>
         <run_address>0x9e65</run_address>
         <size>0x28f</size>
         <input_file_ref idref="fl-d0"/>
      </object_component>
      <object_component id="oc-98">
         <name>.debug_info</name>
         <load_address>0xa0f4</load_address>
         <run_address>0xa0f4</run_address>
         <size>0x28d</size>
         <input_file_ref idref="fl-d0"/>
      </object_component>
      <object_component id="oc-265">
         <name>.debug_info</name>
         <load_address>0xa381</load_address>
         <run_address>0xa381</run_address>
         <size>0x247</size>
         <input_file_ref idref="fl-d0"/>
      </object_component>
      <object_component id="oc-25f">
         <name>.debug_info</name>
         <load_address>0xa5c8</load_address>
         <run_address>0xa5c8</run_address>
         <size>0x249</size>
         <input_file_ref idref="fl-d0"/>
      </object_component>
      <object_component id="oc-1d5">
         <name>.debug_info</name>
         <load_address>0xa811</load_address>
         <run_address>0xa811</run_address>
         <size>0x326</size>
         <input_file_ref idref="fl-d0"/>
      </object_component>
      <object_component id="oc-a9">
         <name>.debug_info</name>
         <load_address>0xab37</load_address>
         <run_address>0xab37</run_address>
         <size>0x253</size>
         <input_file_ref idref="fl-d0"/>
      </object_component>
      <object_component id="oc-a3">
         <name>.debug_info</name>
         <load_address>0xad8a</load_address>
         <run_address>0xad8a</run_address>
         <size>0x28d</size>
         <input_file_ref idref="fl-d0"/>
      </object_component>
      <object_component id="oc-9d">
         <name>.debug_info</name>
         <load_address>0xb017</load_address>
         <run_address>0xb017</run_address>
         <size>0x263</size>
         <input_file_ref idref="fl-d0"/>
      </object_component>
      <object_component id="oc-160">
         <name>.debug_info</name>
         <load_address>0xb27a</load_address>
         <run_address>0xb27a</run_address>
         <size>0x24d</size>
         <input_file_ref idref="fl-d0"/>
      </object_component>
      <object_component id="oc-27b">
         <name>.debug_info</name>
         <load_address>0xb4c7</load_address>
         <run_address>0xb4c7</run_address>
         <size>0x212</size>
         <input_file_ref idref="fl-d1"/>
      </object_component>
      <object_component id="oc-316">
         <name>.debug_info</name>
         <load_address>0xb6d9</load_address>
         <run_address>0xb6d9</run_address>
         <size>0x97</size>
      </object_component>
      <object_component id="oc-1ae">
         <name>.debug_line</name>
         <load_address>0x0</load_address>
         <run_address>0x0</run_address>
         <size>0x134</size>
         <input_file_ref idref="fl-2"/>
      </object_component>
      <object_component id="oc-2c5">
         <name>.debug_line</name>
         <load_address>0x134</load_address>
         <run_address>0x134</run_address>
         <size>0x57</size>
         <input_file_ref idref="fl-2"/>
      </object_component>
      <object_component id="oc-2c9">
         <name>.debug_line</name>
         <load_address>0x18b</load_address>
         <run_address>0x18b</run_address>
         <size>0x57</size>
         <input_file_ref idref="fl-2"/>
      </object_component>
      <object_component id="oc-2c3">
         <name>.debug_line</name>
         <load_address>0x1e2</load_address>
         <run_address>0x1e2</run_address>
         <size>0x57</size>
         <input_file_ref idref="fl-2"/>
      </object_component>
      <object_component id="oc-116">
         <name>.debug_line</name>
         <load_address>0x239</load_address>
         <run_address>0x239</run_address>
         <size>0x2e</size>
         <input_file_ref idref="fl-2"/>
      </object_component>
      <object_component id="oc-1dd">
         <name>.debug_line</name>
         <load_address>0x267</load_address>
         <run_address>0x267</run_address>
         <size>0x78</size>
         <input_file_ref idref="fl-2"/>
      </object_component>
      <object_component id="oc-289">
         <name>.debug_line</name>
         <load_address>0x2df</load_address>
         <run_address>0x2df</run_address>
         <size>0x87</size>
         <input_file_ref idref="fl-2"/>
      </object_component>
      <object_component id="oc-1f7">
         <name>.debug_line</name>
         <load_address>0x366</load_address>
         <run_address>0x366</run_address>
         <size>0x186</size>
         <input_file_ref idref="fl-2"/>
      </object_component>
      <object_component id="oc-157">
         <name>.debug_line</name>
         <load_address>0x4ec</load_address>
         <run_address>0x4ec</run_address>
         <size>0x6e</size>
         <input_file_ref idref="fl-2"/>
      </object_component>
      <object_component id="oc-150">
         <name>.debug_line</name>
         <load_address>0x55a</load_address>
         <run_address>0x55a</run_address>
         <size>0x53</size>
         <input_file_ref idref="fl-2"/>
      </object_component>
      <object_component id="oc-169">
         <name>.debug_line</name>
         <load_address>0x5ad</load_address>
         <run_address>0x5ad</run_address>
         <size>0x5a</size>
         <input_file_ref idref="fl-2"/>
      </object_component>
      <object_component id="oc-f0">
         <name>.debug_line</name>
         <load_address>0x607</load_address>
         <run_address>0x607</run_address>
         <size>0x71</size>
         <input_file_ref idref="fl-2"/>
      </object_component>
      <object_component id="oc-2c7">
         <name>.debug_line</name>
         <load_address>0x678</load_address>
         <run_address>0x678</run_address>
         <size>0xb2</size>
         <input_file_ref idref="fl-2"/>
      </object_component>
      <object_component id="oc-44">
         <name>.debug_line</name>
         <load_address>0x72a</load_address>
         <run_address>0x72a</run_address>
         <size>0x4b</size>
         <input_file_ref idref="fl-2"/>
      </object_component>
      <object_component id="oc-4a">
         <name>.debug_line</name>
         <load_address>0x775</load_address>
         <run_address>0x775</run_address>
         <size>0x44</size>
         <input_file_ref idref="fl-2"/>
      </object_component>
      <object_component id="oc-c8">
         <name>.debug_line</name>
         <load_address>0x7b9</load_address>
         <run_address>0x7b9</run_address>
         <size>0x6f</size>
         <input_file_ref idref="fl-2"/>
      </object_component>
      <object_component id="oc-106">
         <name>.debug_line</name>
         <load_address>0x828</load_address>
         <run_address>0x828</run_address>
         <size>0x20</size>
         <input_file_ref idref="fl-2"/>
      </object_component>
      <object_component id="oc-110">
         <name>.debug_line</name>
         <load_address>0x848</load_address>
         <run_address>0x848</run_address>
         <size>0x73</size>
         <input_file_ref idref="fl-2"/>
      </object_component>
      <object_component id="oc-b1">
         <name>.debug_line</name>
         <load_address>0x8bb</load_address>
         <run_address>0x8bb</run_address>
         <size>0x70</size>
         <input_file_ref idref="fl-2"/>
      </object_component>
      <object_component id="oc-1fc">
         <name>.debug_line</name>
         <load_address>0x92b</load_address>
         <run_address>0x92b</run_address>
         <size>0x6b</size>
         <input_file_ref idref="fl-2"/>
      </object_component>
      <object_component id="oc-c4">
         <name>.debug_line</name>
         <load_address>0x996</load_address>
         <run_address>0x996</run_address>
         <size>0x34</size>
         <input_file_ref idref="fl-3"/>
      </object_component>
      <object_component id="oc-4c">
         <name>.debug_line</name>
         <load_address>0x9ca</load_address>
         <run_address>0x9ca</run_address>
         <size>0x34</size>
         <input_file_ref idref="fl-3"/>
      </object_component>
      <object_component id="oc-2c">
         <name>.debug_line</name>
         <load_address>0x9fe</load_address>
         <run_address>0x9fe</run_address>
         <size>0x46</size>
         <input_file_ref idref="fl-3"/>
      </object_component>
      <object_component id="oc-2e">
         <name>.debug_line</name>
         <load_address>0xa44</load_address>
         <run_address>0xa44</run_address>
         <size>0x49</size>
         <input_file_ref idref="fl-3"/>
      </object_component>
      <object_component id="oc-3e">
         <name>.debug_line</name>
         <load_address>0xa8d</load_address>
         <run_address>0xa8d</run_address>
         <size>0x49</size>
         <input_file_ref idref="fl-3"/>
      </object_component>
      <object_component id="oc-37">
         <name>.debug_line</name>
         <load_address>0xad6</load_address>
         <run_address>0xad6</run_address>
         <size>0x49</size>
         <input_file_ref idref="fl-3"/>
      </object_component>
      <object_component id="oc-57">
         <name>.debug_line</name>
         <load_address>0xb1f</load_address>
         <run_address>0xb1f</run_address>
         <size>0x20</size>
         <input_file_ref idref="fl-3"/>
      </object_component>
      <object_component id="oc-28e">
         <name>.debug_line</name>
         <load_address>0xb3f</load_address>
         <run_address>0xb3f</run_address>
         <size>0x5b</size>
         <input_file_ref idref="fl-be"/>
      </object_component>
      <object_component id="oc-125">
         <name>.debug_line</name>
         <load_address>0xb9a</load_address>
         <run_address>0xb9a</run_address>
         <size>0x92</size>
         <input_file_ref idref="fl-bf"/>
      </object_component>
      <object_component id="oc-69">
         <name>.debug_line</name>
         <load_address>0xc2c</load_address>
         <run_address>0xc2c</run_address>
         <size>0x56</size>
         <input_file_ref idref="fl-bf"/>
      </object_component>
      <object_component id="oc-dc">
         <name>.debug_line</name>
         <load_address>0xc82</load_address>
         <run_address>0xc82</run_address>
         <size>0x34</size>
         <input_file_ref idref="fl-bf"/>
      </object_component>
      <object_component id="oc-122">
         <name>.debug_line</name>
         <load_address>0xcb6</load_address>
         <run_address>0xcb6</run_address>
         <size>0x92</size>
         <input_file_ref idref="fl-bf"/>
      </object_component>
      <object_component id="oc-d7">
         <name>.debug_line</name>
         <load_address>0xd48</load_address>
         <run_address>0xd48</run_address>
         <size>0x20</size>
         <input_file_ref idref="fl-c0"/>
      </object_component>
      <object_component id="oc-1f">
         <name>.debug_line</name>
         <load_address>0xd68</load_address>
         <run_address>0xd68</run_address>
         <size>0x55</size>
         <input_file_ref idref="fl-c0"/>
      </object_component>
      <object_component id="oc-62">
         <name>.debug_line</name>
         <load_address>0xdbd</load_address>
         <run_address>0xdbd</run_address>
         <size>0x3a</size>
         <input_file_ref idref="fl-c0"/>
      </object_component>
      <object_component id="oc-d4">
         <name>.debug_line</name>
         <load_address>0xdf7</load_address>
         <run_address>0xdf7</run_address>
         <size>0x92</size>
         <input_file_ref idref="fl-c0"/>
      </object_component>
      <object_component id="oc-11e">
         <name>.debug_line</name>
         <load_address>0xe89</load_address>
         <run_address>0xe89</run_address>
         <size>0x20</size>
         <input_file_ref idref="fl-c1"/>
      </object_component>
      <object_component id="oc-19">
         <name>.debug_line</name>
         <load_address>0xea9</load_address>
         <run_address>0xea9</run_address>
         <size>0xa9</size>
         <input_file_ref idref="fl-c1"/>
      </object_component>
      <object_component id="oc-52">
         <name>.debug_line</name>
         <load_address>0xf52</load_address>
         <run_address>0xf52</run_address>
         <size>0x3a</size>
         <input_file_ref idref="fl-c1"/>
      </object_component>
      <object_component id="oc-11b">
         <name>.debug_line</name>
         <load_address>0xf8c</load_address>
         <run_address>0xf8c</run_address>
         <size>0x9a</size>
         <input_file_ref idref="fl-c1"/>
      </object_component>
      <object_component id="oc-cd">
         <name>.debug_line</name>
         <load_address>0x1026</load_address>
         <run_address>0x1026</run_address>
         <size>0x96</size>
         <input_file_ref idref="fl-c1"/>
      </object_component>
      <object_component id="oc-8a">
         <name>.debug_line</name>
         <load_address>0x10bc</load_address>
         <run_address>0x10bc</run_address>
         <size>0x33</size>
         <input_file_ref idref="fl-c2"/>
      </object_component>
      <object_component id="oc-79">
         <name>.debug_line</name>
         <load_address>0x10ef</load_address>
         <run_address>0x10ef</run_address>
         <size>0x45</size>
         <input_file_ref idref="fl-c2"/>
      </object_component>
      <object_component id="oc-2d4">
         <name>.debug_line</name>
         <load_address>0x1134</load_address>
         <run_address>0x1134</run_address>
         <size>0x37</size>
         <input_file_ref idref="fl-c3"/>
      </object_component>
      <object_component id="oc-5d">
         <name>.debug_line</name>
         <load_address>0x116b</load_address>
         <run_address>0x116b</run_address>
         <size>0x88</size>
         <input_file_ref idref="fl-c4"/>
      </object_component>
      <object_component id="oc-2ac">
         <name>.debug_line</name>
         <load_address>0x11f3</load_address>
         <run_address>0x11f3</run_address>
         <size>0xbf</size>
         <input_file_ref idref="fl-c6"/>
      </object_component>
      <object_component id="oc-17c">
         <name>.debug_line</name>
         <load_address>0x12b2</load_address>
         <run_address>0x12b2</run_address>
         <size>0x6f</size>
         <input_file_ref idref="fl-c6"/>
      </object_component>
      <object_component id="oc-2b0">
         <name>.debug_line</name>
         <load_address>0x1321</load_address>
         <run_address>0x1321</run_address>
         <size>0x2e</size>
         <input_file_ref idref="fl-c6"/>
      </object_component>
      <object_component id="oc-2dd">
         <name>.debug_line</name>
         <load_address>0x134f</load_address>
         <run_address>0x134f</run_address>
         <size>0x9a</size>
         <input_file_ref idref="fl-c6"/>
      </object_component>
      <object_component id="oc-2b5">
         <name>.debug_line</name>
         <load_address>0x13e9</load_address>
         <run_address>0x13e9</run_address>
         <size>0x97</size>
         <input_file_ref idref="fl-c6"/>
      </object_component>
      <object_component id="oc-2ba">
         <name>.debug_line</name>
         <load_address>0x1480</load_address>
         <run_address>0x1480</run_address>
         <size>0x93</size>
         <input_file_ref idref="fl-c6"/>
      </object_component>
      <object_component id="oc-e9">
         <name>.debug_line</name>
         <load_address>0x1513</load_address>
         <run_address>0x1513</run_address>
         <size>0x40</size>
         <input_file_ref idref="fl-c7"/>
      </object_component>
      <object_component id="oc-16e">
         <name>.debug_line</name>
         <load_address>0x1553</load_address>
         <run_address>0x1553</run_address>
         <size>0x3c</size>
         <input_file_ref idref="fl-c9"/>
      </object_component>
      <object_component id="oc-255">
         <name>.debug_line</name>
         <load_address>0x158f</load_address>
         <run_address>0x158f</run_address>
         <size>0x82</size>
         <input_file_ref idref="fl-cc"/>
      </object_component>
      <object_component id="oc-257">
         <name>.debug_line</name>
         <load_address>0x1611</load_address>
         <run_address>0x1611</run_address>
         <size>0x7d</size>
         <input_file_ref idref="fl-cc"/>
      </object_component>
      <object_component id="oc-15c">
         <name>.debug_line</name>
         <load_address>0x168e</load_address>
         <run_address>0x168e</run_address>
         <size>0x92</size>
         <input_file_ref idref="fl-cc"/>
      </object_component>
      <object_component id="oc-1bd">
         <name>.debug_line</name>
         <load_address>0x1720</load_address>
         <run_address>0x1720</run_address>
         <size>0x95</size>
         <input_file_ref idref="fl-cc"/>
      </object_component>
      <object_component id="oc-1b7">
         <name>.debug_line</name>
         <load_address>0x17b5</load_address>
         <run_address>0x17b5</run_address>
         <size>0xd1</size>
         <input_file_ref idref="fl-cc"/>
      </object_component>
      <object_component id="oc-1cb">
         <name>.debug_line</name>
         <load_address>0x1886</load_address>
         <run_address>0x1886</run_address>
         <size>0x93</size>
         <input_file_ref idref="fl-cc"/>
      </object_component>
      <object_component id="oc-144">
         <name>.debug_line</name>
         <load_address>0x1919</load_address>
         <run_address>0x1919</run_address>
         <size>0x93</size>
         <input_file_ref idref="fl-cc"/>
      </object_component>
      <object_component id="oc-14a">
         <name>.debug_line</name>
         <load_address>0x19ac</load_address>
         <run_address>0x19ac</run_address>
         <size>0x93</size>
         <input_file_ref idref="fl-cc"/>
      </object_component>
      <object_component id="oc-138">
         <name>.debug_line</name>
         <load_address>0x1a3f</load_address>
         <run_address>0x1a3f</run_address>
         <size>0x99</size>
         <input_file_ref idref="fl-cc"/>
      </object_component>
      <object_component id="oc-13e">
         <name>.debug_line</name>
         <load_address>0x1ad8</load_address>
         <run_address>0x1ad8</run_address>
         <size>0xa7</size>
         <input_file_ref idref="fl-cc"/>
      </object_component>
      <object_component id="oc-101">
         <name>.debug_line</name>
         <load_address>0x1b7f</load_address>
         <run_address>0x1b7f</run_address>
         <size>0x69</size>
         <input_file_ref idref="fl-cc"/>
      </object_component>
      <object_component id="oc-1ac">
         <name>.debug_line</name>
         <load_address>0x1be8</load_address>
         <run_address>0x1be8</run_address>
         <size>0x82</size>
         <input_file_ref idref="fl-cd"/>
      </object_component>
      <object_component id="oc-204">
         <name>.debug_line</name>
         <load_address>0x1c6a</load_address>
         <run_address>0x1c6a</run_address>
         <size>0x91</size>
         <input_file_ref idref="fl-cd"/>
      </object_component>
      <object_component id="oc-b7">
         <name>.debug_line</name>
         <load_address>0x1cfb</load_address>
         <run_address>0x1cfb</run_address>
         <size>0x91</size>
         <input_file_ref idref="fl-cd"/>
      </object_component>
      <object_component id="oc-210">
         <name>.debug_line</name>
         <load_address>0x1d8c</load_address>
         <run_address>0x1d8c</run_address>
         <size>0x92</size>
         <input_file_ref idref="fl-cd"/>
      </object_component>
      <object_component id="oc-216">
         <name>.debug_line</name>
         <load_address>0x1e1e</load_address>
         <run_address>0x1e1e</run_address>
         <size>0x92</size>
         <input_file_ref idref="fl-cd"/>
      </object_component>
      <object_component id="oc-bd">
         <name>.debug_line</name>
         <load_address>0x1eb0</load_address>
         <run_address>0x1eb0</run_address>
         <size>0x91</size>
         <input_file_ref idref="fl-cd"/>
      </object_component>
      <object_component id="oc-21c">
         <name>.debug_line</name>
         <load_address>0x1f41</load_address>
         <run_address>0x1f41</run_address>
         <size>0x91</size>
         <input_file_ref idref="fl-cd"/>
      </object_component>
      <object_component id="oc-295">
         <name>.debug_line</name>
         <load_address>0x1fd2</load_address>
         <run_address>0x1fd2</run_address>
         <size>0x91</size>
         <input_file_ref idref="fl-cd"/>
      </object_component>
      <object_component id="oc-20a">
         <name>.debug_line</name>
         <load_address>0x2063</load_address>
         <run_address>0x2063</run_address>
         <size>0xa5</size>
         <input_file_ref idref="fl-cd"/>
      </object_component>
      <object_component id="oc-222">
         <name>.debug_line</name>
         <load_address>0x2108</load_address>
         <run_address>0x2108</run_address>
         <size>0x91</size>
         <input_file_ref idref="fl-cd"/>
      </object_component>
      <object_component id="oc-228">
         <name>.debug_line</name>
         <load_address>0x2199</load_address>
         <run_address>0x2199</run_address>
         <size>0x91</size>
         <input_file_ref idref="fl-cd"/>
      </object_component>
      <object_component id="oc-2ce">
         <name>.debug_line</name>
         <load_address>0x222a</load_address>
         <run_address>0x222a</run_address>
         <size>0x7c</size>
         <input_file_ref idref="fl-ce"/>
      </object_component>
      <object_component id="oc-2cc">
         <name>.debug_line</name>
         <load_address>0x22a6</load_address>
         <run_address>0x22a6</run_address>
         <size>0x82</size>
         <input_file_ref idref="fl-ce"/>
      </object_component>
      <object_component id="oc-1e3">
         <name>.debug_line</name>
         <load_address>0x2328</load_address>
         <run_address>0x2328</run_address>
         <size>0x97</size>
         <input_file_ref idref="fl-ce"/>
      </object_component>
      <object_component id="oc-1e9">
         <name>.debug_line</name>
         <load_address>0x23bf</load_address>
         <run_address>0x23bf</run_address>
         <size>0xc2</size>
         <input_file_ref idref="fl-ce"/>
      </object_component>
      <object_component id="oc-24c">
         <name>.debug_line</name>
         <load_address>0x2481</load_address>
         <run_address>0x2481</run_address>
         <size>0x13d</size>
         <input_file_ref idref="fl-cf"/>
      </object_component>
      <object_component id="oc-2bf">
         <name>.debug_line</name>
         <load_address>0x25be</load_address>
         <run_address>0x25be</run_address>
         <size>0x7f</size>
         <input_file_ref idref="fl-cf"/>
      </object_component>
      <object_component id="oc-132">
         <name>.debug_line</name>
         <load_address>0x263d</load_address>
         <run_address>0x263d</run_address>
         <size>0x94</size>
         <input_file_ref idref="fl-cf"/>
      </object_component>
      <object_component id="oc-12c">
         <name>.debug_line</name>
         <load_address>0x26d1</load_address>
         <run_address>0x26d1</run_address>
         <size>0xee</size>
         <input_file_ref idref="fl-cf"/>
      </object_component>
      <object_component id="oc-1d1">
         <name>.debug_line</name>
         <load_address>0x27bf</load_address>
         <run_address>0x27bf</run_address>
         <size>0x11a</size>
         <input_file_ref idref="fl-cf"/>
      </object_component>
      <object_component id="oc-250">
         <name>.debug_line</name>
         <load_address>0x28d9</load_address>
         <run_address>0x28d9</run_address>
         <size>0x7f</size>
         <input_file_ref idref="fl-cf"/>
      </object_component>
      <object_component id="oc-1aa">
         <name>.debug_line</name>
         <load_address>0x2958</load_address>
         <run_address>0x2958</run_address>
         <size>0x82</size>
         <input_file_ref idref="fl-d0"/>
      </object_component>
      <object_component id="oc-91">
         <name>.debug_line</name>
         <load_address>0x29da</load_address>
         <run_address>0x29da</run_address>
         <size>0x92</size>
         <input_file_ref idref="fl-d0"/>
      </object_component>
      <object_component id="oc-1ed">
         <name>.debug_line</name>
         <load_address>0x2a6c</load_address>
         <run_address>0x2a6c</run_address>
         <size>0x92</size>
         <input_file_ref idref="fl-d0"/>
      </object_component>
      <object_component id="oc-97">
         <name>.debug_line</name>
         <load_address>0x2afe</load_address>
         <run_address>0x2afe</run_address>
         <size>0x92</size>
         <input_file_ref idref="fl-d0"/>
      </object_component>
      <object_component id="oc-264">
         <name>.debug_line</name>
         <load_address>0x2b90</load_address>
         <run_address>0x2b90</run_address>
         <size>0x93</size>
         <input_file_ref idref="fl-d0"/>
      </object_component>
      <object_component id="oc-25e">
         <name>.debug_line</name>
         <load_address>0x2c23</load_address>
         <run_address>0x2c23</run_address>
         <size>0x96</size>
         <input_file_ref idref="fl-d0"/>
      </object_component>
      <object_component id="oc-1d4">
         <name>.debug_line</name>
         <load_address>0x2cb9</load_address>
         <run_address>0x2cb9</run_address>
         <size>0xb3</size>
         <input_file_ref idref="fl-d0"/>
      </object_component>
      <object_component id="oc-a8">
         <name>.debug_line</name>
         <load_address>0x2d6c</load_address>
         <run_address>0x2d6c</run_address>
         <size>0x92</size>
         <input_file_ref idref="fl-d0"/>
      </object_component>
      <object_component id="oc-a2">
         <name>.debug_line</name>
         <load_address>0x2dfe</load_address>
         <run_address>0x2dfe</run_address>
         <size>0x97</size>
         <input_file_ref idref="fl-d0"/>
      </object_component>
      <object_component id="oc-9c">
         <name>.debug_line</name>
         <load_address>0x2e95</load_address>
         <run_address>0x2e95</run_address>
         <size>0x92</size>
         <input_file_ref idref="fl-d0"/>
      </object_component>
      <object_component id="oc-15f">
         <name>.debug_line</name>
         <load_address>0x2f27</load_address>
         <run_address>0x2f27</run_address>
         <size>0x93</size>
         <input_file_ref idref="fl-d0"/>
      </object_component>
      <object_component id="oc-279">
         <name>.debug_line</name>
         <load_address>0x2fba</load_address>
         <run_address>0x2fba</run_address>
         <size>0x91</size>
         <input_file_ref idref="fl-d1"/>
      </object_component>
      <object_component id="oc-1de">
         <name>.debug_frame</name>
         <load_address>0x0</load_address>
         <run_address>0x0</run_address>
         <size>0x64</size>
         <input_file_ref idref="fl-2"/>
      </object_component>
      <object_component id="oc-288">
         <name>.debug_frame</name>
         <load_address>0x64</load_address>
         <run_address>0x64</run_address>
         <size>0x60</size>
         <input_file_ref idref="fl-2"/>
      </object_component>
      <object_component id="oc-1f6">
         <name>.debug_frame</name>
         <load_address>0xc4</load_address>
         <run_address>0xc4</run_address>
         <size>0x6c</size>
         <input_file_ref idref="fl-2"/>
      </object_component>
      <object_component id="oc-156">
         <name>.debug_frame</name>
         <load_address>0x130</load_address>
         <run_address>0x130</run_address>
         <size>0x6c</size>
         <input_file_ref idref="fl-2"/>
      </object_component>
      <object_component id="oc-151">
         <name>.debug_frame</name>
         <load_address>0x19c</load_address>
         <run_address>0x19c</run_address>
         <size>0x58</size>
         <input_file_ref idref="fl-2"/>
      </object_component>
      <object_component id="oc-168">
         <name>.debug_frame</name>
         <load_address>0x1f4</load_address>
         <run_address>0x1f4</run_address>
         <size>0x5c</size>
         <input_file_ref idref="fl-2"/>
      </object_component>
      <object_component id="oc-ef">
         <name>.debug_frame</name>
         <load_address>0x250</load_address>
         <run_address>0x250</run_address>
         <size>0x5c</size>
         <input_file_ref idref="fl-2"/>
      </object_component>
      <object_component id="oc-43">
         <name>.debug_frame</name>
         <load_address>0x2ac</load_address>
         <run_address>0x2ac</run_address>
         <size>0x58</size>
         <input_file_ref idref="fl-2"/>
      </object_component>
      <object_component id="oc-49">
         <name>.debug_frame</name>
         <load_address>0x304</load_address>
         <run_address>0x304</run_address>
         <size>0x58</size>
         <input_file_ref idref="fl-2"/>
      </object_component>
      <object_component id="oc-2b">
         <name>.debug_frame</name>
         <load_address>0x35c</load_address>
         <run_address>0x35c</run_address>
         <size>0x54</size>
         <input_file_ref idref="fl-3"/>
      </object_component>
      <object_component id="oc-32">
         <name>.debug_frame</name>
         <load_address>0x3b0</load_address>
         <run_address>0x3b0</run_address>
         <size>0x54</size>
         <input_file_ref idref="fl-3"/>
      </object_component>
      <object_component id="oc-3d">
         <name>.debug_frame</name>
         <load_address>0x404</load_address>
         <run_address>0x404</run_address>
         <size>0x54</size>
         <input_file_ref idref="fl-3"/>
      </object_component>
      <object_component id="oc-38">
         <name>.debug_frame</name>
         <load_address>0x458</load_address>
         <run_address>0x458</run_address>
         <size>0x54</size>
         <input_file_ref idref="fl-3"/>
      </object_component>
      <object_component id="oc-6a">
         <name>.debug_frame</name>
         <load_address>0x4ac</load_address>
         <run_address>0x4ac</run_address>
         <size>0x54</size>
         <input_file_ref idref="fl-bf"/>
      </object_component>
      <object_component id="oc-20">
         <name>.debug_frame</name>
         <load_address>0x500</load_address>
         <run_address>0x500</run_address>
         <size>0x54</size>
         <input_file_ref idref="fl-c0"/>
      </object_component>
      <object_component id="oc-1a">
         <name>.debug_frame</name>
         <load_address>0x554</load_address>
         <run_address>0x554</run_address>
         <size>0x60</size>
         <input_file_ref idref="fl-c1"/>
      </object_component>
      <object_component id="oc-7a">
         <name>.debug_frame</name>
         <load_address>0x5b4</load_address>
         <run_address>0x5b4</run_address>
         <size>0x50</size>
         <input_file_ref idref="fl-c2"/>
      </object_component>
      <object_component id="oc-17b">
         <name>.debug_frame</name>
         <load_address>0x604</load_address>
         <run_address>0x604</run_address>
         <size>0x5c</size>
         <input_file_ref idref="fl-c6"/>
      </object_component>
      <object_component id="oc-ea">
         <name>.debug_frame</name>
         <load_address>0x660</load_address>
         <run_address>0x660</run_address>
         <size>0x54</size>
         <input_file_ref idref="fl-c7"/>
      </object_component>
      <object_component id="oc-16c">
         <name>.debug_frame</name>
         <load_address>0x6b4</load_address>
         <run_address>0x6b4</run_address>
         <size>0x54</size>
         <input_file_ref idref="fl-c9"/>
      </object_component>
      <object_component id="oc-15d">
         <name>.debug_frame</name>
         <load_address>0x708</load_address>
         <run_address>0x708</run_address>
         <size>0x7f</size>
         <input_file_ref idref="fl-cc"/>
      </object_component>
      <object_component id="oc-1be">
         <name>.debug_frame</name>
         <load_address>0x787</load_address>
         <run_address>0x787</run_address>
         <size>0x7f</size>
         <input_file_ref idref="fl-cc"/>
      </object_component>
      <object_component id="oc-1b8">
         <name>.debug_frame</name>
         <load_address>0x806</load_address>
         <run_address>0x806</run_address>
         <size>0x8f</size>
         <input_file_ref idref="fl-cc"/>
      </object_component>
      <object_component id="oc-1cc">
         <name>.debug_frame</name>
         <load_address>0x895</load_address>
         <run_address>0x895</run_address>
         <size>0x86</size>
         <input_file_ref idref="fl-cc"/>
      </object_component>
      <object_component id="oc-145">
         <name>.debug_frame</name>
         <load_address>0x91b</load_address>
         <run_address>0x91b</run_address>
         <size>0x86</size>
         <input_file_ref idref="fl-cc"/>
      </object_component>
      <object_component id="oc-14b">
         <name>.debug_frame</name>
         <load_address>0x9a1</load_address>
         <run_address>0x9a1</run_address>
         <size>0x86</size>
[...]
            <object_component_ref idref="oc-13d"/>
            <object_component_ref idref="oc-202"/>
            <object_component_ref idref="oc-b5"/>
            <object_component_ref idref="oc-20e"/>
            <object_component_ref idref="oc-214"/>
            <object_component_ref idref="oc-bb"/>
            <object_component_ref idref="oc-21a"/>
            <object_component_ref idref="oc-293"/>
            <object_component_ref idref="oc-208"/>
            <object_component_ref idref="oc-220"/>
            <object_component_ref idref="oc-226"/>
            <object_component_ref idref="oc-280"/>
            <object_component_ref idref="oc-1e2"/>
            <object_component_ref idref="oc-1e8"/>
            <object_component_ref idref="oc-25b"/>
            <object_component_ref idref="oc-130"/>
            <object_component_ref idref="oc-12b"/>
            <object_component_ref idref="oc-1d0"/>
            <object_component_ref idref="oc-94"/>
            <object_component_ref idref="oc-1f0"/>
            <object_component_ref idref="oc-9a"/>
            <object_component_ref idref="oc-267"/>
            <object_component_ref idref="oc-261"/>
            <object_component_ref idref="oc-1d7"/>
            <object_component_ref idref="oc-ab"/>
            <object_component_ref idref="oc-a5"/>
            <object_component_ref idref="oc-9f"/>
            <object_component_ref idref="oc-162"/>
            <object_component_ref idref="oc-27c"/>
         </contents>
      </logical_group>
      <logical_group id="lg-306" display="never" color="cyan">
         <name>.debug_pubtypes</name>
         <load_address>0x0</load_address>
         <run_address>0x0</run_address>
         <size>0xcb0</size>
         <contents>
            <object_component_ref idref="oc-c6"/>
            <object_component_ref idref="oc-104"/>
            <object_component_ref idref="oc-10e"/>
            <object_component_ref idref="oc-af"/>
            <object_component_ref idref="oc-1fa"/>
            <object_component_ref idref="oc-55"/>
            <object_component_ref idref="oc-da"/>
            <object_component_ref idref="oc-120"/>
            <object_component_ref idref="oc-60"/>
            <object_component_ref idref="oc-d2"/>
            <object_component_ref idref="oc-50"/>
            <object_component_ref idref="oc-119"/>
            <object_component_ref idref="oc-cb"/>
            <object_component_ref idref="oc-2ae"/>
            <object_component_ref idref="oc-2db"/>
            <object_component_ref idref="oc-2b3"/>
            <object_component_ref idref="oc-2b8"/>
            <object_component_ref idref="oc-ff"/>
            <object_component_ref idref="oc-24e"/>
         </contents>
      </logical_group>
      <logical_group id="lg-314" display="no" color="cyan">
         <name>Veneer$$CMSE</name>
         <run_address>0x0</run_address>
         <size>0x0</size>
         <contents>
         </contents>
      </logical_group>
      <load_segment id="lg-31a" display="no" color="cyan">
         <name>SEGMENT_0</name>
         <load_address>0x0</load_address>
         <run_address>0x0</run_address>
         <size>0x1140</size>
         <flags>0x5</flags>
         <contents>
            <logical_group_ref idref="lg-3"/>
            <logical_group_ref idref="lg-4"/>
            <logical_group_ref idref="lg-5"/>
            <logical_group_ref idref="lg-6"/>
         </contents>
      </load_segment>
      <load_segment id="lg-31b" display="no" color="cyan">
         <name>SEGMENT_1</name>
         <run_address>0x20000000</run_address>
         <size>0x20c</size>
         <flags>0x6</flags>
         <contents>
            <logical_group_ref idref="lg-d"/>
            <logical_group_ref idref="lg-a"/>
            <logical_group_ref idref="lg-b"/>
         </contents>
      </load_segment>
   </logical_group_list>
   <placement_map>
      <memory_area display="yes" color="green">
         <name>FLASH</name>
         <page_id>0x0</page_id>
         <origin>0x0</origin>
         <length>0x40000</length>
         <used_space>0x113c</used_space>
         <unused_space>0x3eec4</unused_space>
         <attributes>RX</attributes>
         <usage_details>
            <allocated_space>
               <start_address>0x0</start_address>
               <size>0x26c</size>
               <logical_group_ref idref="lg-3"/>
            </allocated_space>
            <allocated_space>
               <start_address>0x26c</start_address>
               <size>0xd1c</size>
               <logical_group_ref idref="lg-4"/>
            </allocated_space>
            <allocated_space>
               <start_address>0xf88</start_address>
               <size>0x184</size>
               <logical_group_ref idref="lg-5"/>
            </allocated_space>
            <available_space>
               <start_address>0x110c</start_address>
               <size>0x4</size>
            </available_space>
            <allocated_space>
               <start_address>0x1110</start_address>
               <size>0x30</size>
               <logical_group_ref idref="lg-6"/>
            </allocated_space>
            <available_space>
               <start_address>0x1140</start_address>
               <size>0x3eec0</size>
            </available_space>
         </usage_details>
      </memory_area>
      <memory_area display="yes" color="green">
         <name>SRAM</name>
         <page_id>0x0</page_id>
         <origin>0x20000000</origin>
         <length>0x8000</length>
         <used_space>0x209</used_space>
         <unused_space>0x7df7</unused_space>
         <attributes>RWX</attributes>
         <usage_details>
            <allocated_space>
               <start_address>0x20000000</start_address>
               <size>0x0</size>
               <logical_group_ref idref="lg-2e9"/>
            </allocated_space>
            <allocated_space>
               <start_address>0x20000000</start_address>
               <size>0x200</size>
               <logical_group_ref idref="lg-d"/>
            </allocated_space>
            <allocated_space>
               <start_address>0x20000200</start_address>
               <size>0x5</size>
               <logical_group_ref idref="lg-a"/>
            </allocated_space>
            <available_space>
               <start_address>0x20000205</start_address>
               <size>0x3</size>
            </available_space>
            <allocated_space>
               <start_address>0x20000208</start_address>
               <size>0x4</size>
               <logical_group_ref idref="lg-b"/>
            </allocated_space>
            <available_space>
               <start_address>0x2000020c</start_address>
               <size>0x7df4</size>
            </available_space>
         </usage_details>
      </memory_area>
   </placement_map>
   <cptbl_list>
      <cptbl>
         <name>__TI_cinit_table</name>
         <cprec>
            <name>.bss</name>
            <load_address>0x1120</load_address>
            <load_size>0x8</load_size>
            <run_address>0x20000208</run_address>
            <run_size>0x4</run_size>
            <compression>zero_init</compression>
         </cprec>
         <cprec>
            <name>.data</name>
            <load_address>0x1128</load_address>
            <load_size>0x7</load_size>
            <run_address>0x20000200</run_address>
            <run_size>0x5</run_size>
            <compression>lzss</compression>
         </cprec>
      </cptbl>
   </cptbl_list>
   <handler_table>
      <handler_table_name>__TI_handler_table</handler_table_name>
      <handler>
         <index>0x0</index>
         <name>__TI_decompress_lzss</name>
      </handler>
      <handler>
         <index>0x1</index>
         <name>__TI_decompress_none</name>
      </handler>
      <handler>
         <index>0x2</index>
         <name>__TI_zero_init</name>
      </handler>
   </handler_table>
   <symbol_table>
      <symbol id="sm-1">
         <name>__STACK_TOP</name>
         <value>0x20000200</value>
      </symbol>
      <symbol id="sm-2">
         <name>__start___llvm_prf_cnts</name>
         <value>0x20000000</value>
      </symbol>
      <symbol id="sm-3">
         <name>__stop___llvm_prf_cnts</name>
         <value>0x20000000</value>
      </symbol>
      <symbol id="sm-4">
         <name>__TI_CINIT_Base</name>
         <value>0x1130</value>
      </symbol>
      <symbol id="sm-5">
         <name>__TI_CINIT_Limit</name>
         <value>0x1140</value>
      </symbol>
      <symbol id="sm-6">
         <name>__TI_Handler_Table_Base</name>
         <value>0x1110</value>
      </symbol>
      <symbol id="sm-7">
         <name>__TI_Handler_Table_Limit</name>
         <value>0x111c</value>
      </symbol>
      <symbol id="sm-8">
         <name>binit</name>
         <value>0xffffffff</value>
      </symbol>
      <symbol id="sm-9">
         <name>__binit__</name>
         <value>0xffffffff</value>
      </symbol>
      <symbol id="sm-a">
         <name>__STACK_SIZE</name>
         <value>0x200</value>
      </symbol>
      <symbol id="sm-b">
         <name>__STACK_END</name>
         <value>0x20000200</value>
      </symbol>
      <symbol id="sm-c">
         <name>__c_args__</name>
         <value>0xffffffff</value>
      </symbol>
      <symbol id="sm-d">
         <name>__TI_pprof_out_hndl</name>
         <value>0xffffffff</value>
      </symbol>
      <symbol id="sm-e">
         <name>__TI_prof_data_start</name>
         <value>0xffffffff</value>
      </symbol>
      <symbol id="sm-f">
         <name>__TI_prof_data_size</name>
         <value>0xffffffff</value>
      </symbol>
      <symbol id="sm-fd">
         <name>UART0IntHandler</name>
         <value>0xd39</value>
         <object_component_ref idref="oc-3f"/>
      </symbol>
      <symbol id="sm-fe">
         <name>I2C_Comm</name>
         <value>0xa9d</value>
         <object_component_ref idref="oc-164"/>
      </symbol>
      <symbol id="sm-ff">
         <name>UARTStdioConfig</name>
         <value>0xafd</value>
         <object_component_ref idref="oc-1d9"/>
      </symbol>
      <symbol id="sm-100">
         <name>main</name>
         <value>0x791</value>
         <object_component_ref idref="oc-eb"/>
      </symbol>
      <symbol id="sm-101">
         <name>InitConsole</name>
         <value>0x87d</value>
         <object_component_ref idref="oc-14c"/>
      </symbol>
      <symbol id="sm-102">
         <name>I2C0SlaveIntHandler</name>
         <value>0xdcd</value>
         <object_component_ref idref="oc-45"/>
      </symbol>
      <symbol id="sm-103">
         <name>UARTwrite</name>
         <value>0xbf1</value>
         <object_component_ref idref="oc-284"/>
      </symbol>
      <symbol id="sm-104">
         <name>UARTprintf</name>
         <value>0xe29</value>
         <object_component_ref idref="oc-152"/>
      </symbol>
      <symbol id="sm-105">
         <name>UARTvprintf</name>
         <value>0x26d</value>
         <object_component_ref idref="oc-1f2"/>
      </symbol>
      <symbol id="sm-13b">
         <name>ResetISR</name>
         <value>0xf65</value>
         <object_component_ref idref="oc-27"/>
      </symbol>
      <symbol id="sm-13c">
         <name>g_pfnVectors</name>
         <value>0x0</value>
         <object_component_ref idref="oc-12"/>
      </symbol>
      <symbol id="sm-14b">
         <name>__aeabi_uidivmod</name>
         <value>0xcc5</value>
         <object_component_ref idref="oc-28a"/>
      </symbol>
      <symbol id="sm-14c">
         <name>__aeabi_uidiv</name>
         <value>0xcc5</value>
         <object_component_ref idref="oc-28a"/>
      </symbol>
      <symbol id="sm-165">
         <name>__TI_zero_init_nomemset</name>
         <value>0xe0d</value>
         <object_component_ref idref="oc-65"/>
      </symbol>
      <symbol id="sm-17c">
         <name>__TI_decompress_none</name>
         <value>0xefd</value>
         <object_component_ref idref="oc-1b"/>
      </symbol>
      <symbol id="sm-19f">
         <name>__TI_decompress_lzss</name>
         <value>0xa35</value>
         <object_component_ref idref="oc-15"/>
      </symbol>
      <symbol id="sm-1b2">
         <name>__stack</name>
         <value>0x20000000</value>
         <object_component_ref idref="oc-24"/>
      </symbol>
      <symbol id="sm-1b3">
         <name>_c_int00_noargs</name>
         <value>0xd6d</value>
         <object_component_ref idref="oc-77"/>
      </symbol>
      <symbol id="sm-1bd">
         <name>__aeabi_idiv0</name>
         <value>0xf87</value>
         <object_component_ref idref="oc-2d0"/>
      </symbol>
      <symbol id="sm-1be">
         <name>__aeabi_ldiv0</name>
         <value>0xf87</value>
         <object_component_ref idref="oc-2d0"/>
      </symbol>
      <symbol id="sm-1d9">
         <name>memcpy</name>
         <value>0x931</value>
         <object_component_ref idref="oc-59"/>
      </symbol>
      <symbol id="sm-1da">
         <name>__aeabi_memcpy</name>
         <value>0x931</value>
         <object_component_ref idref="oc-59"/>
      </symbol>
      <symbol id="sm-1db">
         <name>__aeabi_memcpy8</name>
         <value>0x931</value>
         <object_component_ref idref="oc-59"/>
      </symbol>
      <symbol id="sm-1dc">
         <name>__aeabi_memcpy4</name>
         <value>0x931</value>
         <object_component_ref idref="oc-59"/>
      </symbol>
      <symbol id="sm-205">
         <name>__TI_auto_init_nobinit_nopinit</name>
         <value>0xc81</value>
         <object_component_ref idref="oc-177"/>
      </symbol>
      <symbol id="sm-20f">
         <name>_system_pre_init</name>
         <value>0xf7d</value>
         <object_component_ref idref="oc-e5"/>
      </symbol>
      <symbol id="sm-21b">
         <name>C$$EXIT</name>
         <value>0xf81</value>
         <object_component_ref idref="oc-16b"/>
      </symbol>
      <symbol id="sm-21c">
         <name>abort</name>
         <value>0xf81</value>
         <object_component_ref idref="oc-16b"/>
      </symbol>
      <symbol id="sm-275">
         <name>GPIOPinConfigure</name>
         <value>0xba9</value>
         <object_component_ref idref="oc-13a"/>
      </symbol>
      <symbol id="sm-276">
         <name>GPIOPinTypeI2CSCL</name>
         <value>0xe81</value>
         <object_component_ref idref="oc-140"/>
      </symbol>
      <symbol id="sm-277">
         <name>GPIOPinTypeI2C</name>
         <value>0xe6f</value>
         <object_component_ref idref="oc-146"/>
      </symbol>
      <symbol id="sm-278">
         <name>GPIOPinTypeUART</name>
         <value>0xe93</value>
         <object_component_ref idref="oc-1c7"/>
      </symbol>
      <symbol id="sm-279">
         <name>GPIOPinTypeGPIOOutput</name>
         <value>0xe43</value>
         <object_component_ref idref="oc-134"/>
      </symbol>
      <symbol id="sm-27a">
         <name>GPIODirModeSet</name>
         <value>0xda1</value>
         <object_component_ref idref="oc-1b9"/>
      </symbol>
      <symbol id="sm-27b">
         <name>GPIOPinWrite</name>
         <value>0xf59</value>
         <object_component_ref idref="oc-158"/>
      </symbol>
      <symbol id="sm-27c">
         <name>GPIOPadConfigSet</name>
         <value>0x45b</value>
         <object_component_ref idref="oc-1b3"/>
      </symbol>
      <symbol id="sm-2d5">
         <name>I2CSlaveIntClear</name>
         <value>0xf49</value>
         <object_component_ref idref="oc-b3"/>
      </symbol>
      <symbol id="sm-2d6">
         <name>I2CMasterDataPut</name>
         <value>0xf75</value>
         <object_component_ref idref="oc-21e"/>
      </symbol>
      <symbol id="sm-2d7">
         <name>I2CMasterInitExpClk</name>
         <value>0xb5d</value>
         <object_component_ref idref="oc-206"/>
      </symbol>
      <symbol id="sm-2d8">
         <name>I2CSlaveIntEnableEx</name>
         <value>0xf17</value>
         <object_component_ref idref="oc-200"/>
      </symbol>
      <symbol id="sm-2d9">
         <name>I2CSlaveDataGet</name>
         <value>0xf5f</value>
         <object_component_ref idref="oc-b9"/>
      </symbol>
      <symbol id="sm-2da">
         <name>I2CSlaveEnable</name>
         <value>0xea5</value>
         <object_component_ref idref="oc-20c"/>
      </symbol>
      <symbol id="sm-2db">
         <name>I2CMasterSlaveAddrSet</name>
         <value>0xf41</value>
         <object_component_ref idref="oc-218"/>
      </symbol>
      <symbol id="sm-2dc">
         <name>I2CMasterControl</name>
         <value>0xf71</value>
         <object_component_ref idref="oc-224"/>
      </symbol>
      <symbol id="sm-2dd">
         <name>I2CMasterEnable</name>
         <value>0xf23</value>
         <object_component_ref idref="oc-291"/>
      </symbol>
      <symbol id="sm-2de">
         <name>I2CSlaveInit</name>
         <value>0xec5</value>
         <object_component_ref idref="oc-212"/>
      </symbol>
      <symbol id="sm-30e">
         <name>IntEnable</name>
         <value>0x9cd</value>
         <object_component_ref idref="oc-1e5"/>
      </symbol>
      <symbol id="sm-30f">
         <name>IntMasterEnable</name>
         <value>0xeb5</value>
         <object_component_ref idref="oc-1df"/>
      </symbol>
      <symbol id="sm-361">
         <name>SysCtlClockSet</name>
         <value>0x69d</value>
         <object_component_ref idref="oc-128"/>
      </symbol>
      <symbol id="sm-362">
         <name>SysCtlDelay</name>
         <value>0xf6b</value>
         <object_component_ref idref="oc-1af"/>
      </symbol>
      <symbol id="sm-363">
         <name>SysCtlPeripheralEnable</name>
         <value>0xd05</value>
         <object_component_ref idref="oc-12e"/>
      </symbol>
      <symbol id="sm-364">
         <name>SysCtlClockGet</name>
         <value>0x58d</value>
         <object_component_ref idref="oc-1cd"/>
      </symbol>
      <symbol id="sm-3be">
         <name>UARTCharPutNonBlocking</name>
         <value>0xee1</value>
         <object_component_ref idref="oc-a1"/>
      </symbol>
      <symbol id="sm-3bf">
         <name>UARTConfigSetExpClk</name>
         <value>0xc39</value>
         <object_component_ref idref="oc-1d3"/>
      </symbol>
      <symbol id="sm-3c0">
         <name>UARTDisable</name>
         <value>0xded</value>
         <object_component_ref idref="oc-25d"/>
      </symbol>
      <symbol id="sm-3c1">
         <name>UARTIntEnable</name>
         <value>0xf51</value>
         <object_component_ref idref="oc-1eb"/>
      </symbol>
      <symbol id="sm-3c2">
         <name>UARTCharsAvail</name>
         <value>0xeef</value>
         <object_component_ref idref="oc-a7"/>
      </symbol>
      <symbol id="sm-3c3">
         <name>UARTCharGetNonBlocking</name>
         <value>0xed3</value>
         <object_component_ref idref="oc-9b"/>
      </symbol>
      <symbol id="sm-3c4">
         <name>UARTEnable</name>
         <value>0xe5b</value>
         <object_component_ref idref="oc-263"/>
      </symbol>
      <symbol id="sm-3c5">
         <name>UARTIntClear</name>
         <value>0xf79</value>
         <object_component_ref idref="oc-95"/>
      </symbol>
      <symbol id="sm-3c6">
         <name>UARTIntStatus</name>
         <value>0xf37</value>
         <object_component_ref idref="oc-8f"/>
      </symbol>
      <symbol id="sm-3c7">
         <name>UARTCharGet</name>
         <value>0xf2d</value>
         <object_component_ref idref="oc-15e"/>
      </symbol>
      <symbol id="sm-3d1">
         <name>CPUcpsie</name>
         <value>0xf0b</value>
         <object_component_ref idref="oc-277"/>
      </symbol>
      <symbol id="sm-3d2">
         <name>__TI_static_base__</name>
         <value>0x0</value>
      </symbol>
      <symbol id="sm-3d5">
         <name>__mpu_init</name>
         <value>0x0</value>
      </symbol>
      <symbol id="sm-3d6">
         <name>_system_post_cinit</name>
         <value>0x0</value>
      </symbol>
   </symbol_table>
   <title>Link successful</title>
</link_info>
