******************************************************************************
                  TI ARM Linker PC v20.2.5                     
******************************************************************************
>> Linked Wed Apr 20 17:03:29 2022

OUTPUT FILE NAME:   <LED_Button_Test_Copy.out>
ENTRY POINT SYMBOL: "_c_int00_noinit_noargs"  address: 00000609


MEMORY CONFIGURATION

         name            origin    length      used     unused   attr    fill
----------------------  --------  ---------  --------  --------  ----  --------
  FLASH                 00000000   00040000  0000069a  0003f966  R  X
  SRAM                  20000000   00008000  00000200  00007e00  RW X


SEGMENT ALLOCATION MAP

run origin  load origin   length   init length attrs members
----------  ----------- ---------- ----------- ----- -------
00000000    00000000    0000069a   0000069a    r-x
  00000000    00000000    0000026c   0000026c    r-- .intvecs
  0000026c    0000026c    0000042e   0000042e    r-x .text
20000000    20000000    00000200   00000000    rw-
  20000000    20000000    00000200   00000000    rw- .stack


SECTION ALLOCATION MAP

 output                                  attributes/
section   page    origin      length       input sections
--------  ----  ----------  ----------   ----------------
.intvecs   0    00000000    0000026c     
                  00000000    0000026c     startup_ccs.obj (.intvecs)

.text      0    0000026c    0000042e     
                  0000026c    00000132     driverlib.lib : gpio.obj (.text:GPIOPadConfigSet)
                  0000039e    00000002     startup_ccs.obj (.text:FaultISR)
                  000003a0    00000108     LED_Button_Test_Copy.obj (.text:main)
                  000004a8    000000f4     driverlib.lib : sysctl.obj (.text:SysCtlClockSet)
                  0000059c    00000038                   : sysctl.obj (.text:SysCtlPeripheralReady)
                  000005d4    00000034                   : sysctl.obj (.text:SysCtlPeripheralEnable)
                  00000608    0000002c     rtsv7M4_T_le_v4SPD16_eabi.lib : boot_cortex_m.c.obj (.text:_c_int00_noinit_noargs:_c_int00_noinit_noargs)
                  00000634    0000002a     driverlib.lib : gpio.obj (.text:GPIODirModeSet)
                  0000065e    00000018                   : gpio.obj (.text:GPIOPinTypeGPIOOutput)
                  00000676    00000006                   : gpio.obj (.text:GPIOPinRead)
                  0000067c    00000006                   : gpio.obj (.text:GPIOPinWrite)
                  00000682    00000006     startup_ccs.obj (.text:ResetISR)
                  00000688    00000006     driverlib.lib : sysctl.obj (.text:SysCtlDelay)
                  0000068e    00000004     rtsv7M4_T_le_v4SPD16_eabi.lib : pre_init.c.obj (.text:_system_pre_init)
                  00000692    00000004                                   : exit.c.obj (.text:abort:abort)
                  00000696    00000002     startup_ccs.obj (.text:IntDefaultHandler)
                  00000698    00000002     startup_ccs.obj (.text:NmiSR)

.cinit     0    00000000    00000000     UNINITIALIZED

.init_array 
*          0    00000000    00000000     UNINITIALIZED

.stack     0    20000000    00000200     UNINITIALIZED
                  20000000    00000004     rtsv7M4_T_le_v4SPD16_eabi.lib : boot_cortex_m.c.obj (.stack)
                  20000004    000001fc     --HOLE--

__llvm_prf_cnts 
*          0    20000000    00000000     UNINITIALIZED

MODULE SUMMARY

       Module                     code   ro data   rw data
       ------                     ----   -------   -------
    .\
       startup_ccs.obj            12     620       0      
       LED_Button_Test_Copy.obj   264    0         0      
    +--+--------------------------+------+---------+---------+
       Total:                     276    620       0      
                                                          
    C:/ti/tivaware_c_series_2_1_4_178/driverlib/ccs/Debug/driverlib.lib
       gpio.obj                   384    0         0      
       sysctl.obj                 358    0         0      
    +--+--------------------------+------+---------+---------+
       Total:                     742    0         0      
                                                          
    C:\ti\ccs1110\ccs\tools\compiler\ti-cgt-arm_20.2.5.LTS\lib\rtsv7M4_T_le_v4SPD16_eabi.lib
       boot_cortex_m.c.obj        44     0         0      
       exit.c.obj                 4      0         0      
       pre_init.c.obj             4      0         0      
    +--+--------------------------+------+---------+---------+
       Total:                     52     0         0      
                                                          
       Stack:                     0      0         512    
    +--+--------------------------+------+---------+---------+
       Grand Total:               1070   620       512    


GLOBAL SYMBOLS: SORTED ALPHABETICALLY BY Name 

address   name                   
-------   ----                   
00000693  C$$EXIT                
00000635  GPIODirModeSet         
0000026d  GPIOPadConfigSet       
00000677  GPIOPinRead            
0000065f  GPIOPinTypeGPIOOutput  
0000067d  GPIOPinWrite           
00000683  ResetISR               
000004a9  SysCtlClockSet         
00000689  SysCtlDelay            
000005d5  SysCtlPeripheralEnable 
0000059d  SysCtlPeripheralReady  
20000200  __STACK_END            
00000200  __STACK_SIZE           
20000200  __STACK_TOP            
ffffffff  __TI_pprof_out_hndl    
ffffffff  __TI_prof_data_size    
ffffffff  __TI_prof_data_start   
00000000  __TI_static_base__     
ffffffff  __binit__              
ffffffff  __c_args__             
UNDEFED   __mpu_init             
20000000  __stack                
20000000  __start___llvm_prf_cnts
20000000  __stop___llvm_prf_cnts 
00000609  _c_int00_noinit_noargs 
0000068f  _system_pre_init       
00000693  abort                  
ffffffff  binit                  
00000000  g_pfnVectors           
000003a1  main                   


GLOBAL SYMBOLS: SORTED BY Symbol Address 

address   name                   
-------   ----                   
00000000  __TI_static_base__     
00000000  g_pfnVectors           
00000200  __STACK_SIZE           
0000026d  GPIOPadConfigSet       
000003a1  main                   
000004a9  SysCtlClockSet         
0000059d  SysCtlPeripheralReady  
000005d5  SysCtlPeripheralEnable 
00000609  _c_int00_noinit_noargs 
00000635  GPIODirModeSet         
0000065f  GPIOPinTypeGPIOOutput  
00000677  GPIOPinRead            
0000067d  GPIOPinWrite           
00000683  ResetISR               
00000689  SysCtlDelay            
0000068f  _system_pre_init       
00000693  C$$EXIT                
00000693  abort                  
20000000  __stack                
20000000  __start___llvm_prf_cnts
20000000  __stop___llvm_prf_cnts 
20000200  __STACK_END            
20000200  __STACK_TOP            
ffffffff  __TI_pprof_out_hndl    
ffffffff  __TI_prof_data_size    
ffffffff  __TI_prof_data_start   
ffffffff  __binit__              
ffffffff  __c_args__             
ffffffff  binit                  
UNDEFED   __mpu_init             

[30 symbols]
