******************************************************************************
                  TI ARM Linker PC v20.2.5                     
******************************************************************************
>> Linked Thu Apr  7 16:23:41 2022

OUTPUT FILE NAME:   <lab_adc_final.out>
ENTRY POINT SYMBOL: "_c_int00_noinit_noargs"  address: 00000a05


MEMORY CONFIGURATION

         name            origin    length      used     unused   attr    fill
----------------------  --------  ---------  --------  --------  ----  --------
  FLASH                 00000000   00040000  00000b14  0003f4ec  R  X
  SRAM                  20000000   00008000  00000200  00007e00  RW X


SEGMENT ALLOCATION MAP

run origin  load origin   length   init length attrs members
----------  ----------- ---------- ----------- ----- -------
00000000    00000000    00000b14   00000b14    r-x
  00000000    00000000    0000026c   0000026c    r-- .intvecs
  0000026c    0000026c    000008a8   000008a8    r-x .text
20000000    20000000    00000200   00000000    rw-
  20000000    20000000    00000200   00000000    rw- .stack


SECTION ALLOCATION MAP

 output                                  attributes/
section   page    origin      length       input sections
--------  ----  ----------  ----------   ----------------
.intvecs   0    00000000    0000026c     
                  00000000    0000026c     startup_ccs.obj (.intvecs)

.text      0    0000026c    000008a8     
                  0000026c    0000015c     lab_adc.obj (.text:main)
                  000003c8    00000132     driverlib.lib : gpio.obj (.text:GPIOPadConfigSet)
                  000004fa    000000fc     rtsv7M4_T_le_v4SPD16_eabi.lib : fd_mul_t2.asm.obj (.text)
                  000005f6    00000002     startup_ccs.obj (.text:FaultISR)
                  000005f8    000000f4     driverlib.lib : sysctl.obj (.text:SysCtlClockSet)
                  000006ec    00000086     rtsv7M4_T_le_v4SPD16_eabi.lib : fd_cmp_t2.asm.obj (.text:__aeabi_cdcmple)
                  00000772    00000086                                   : fd_cmp_t2.asm.obj (.text:__aeabi_cdrcmple)
                  000007f8    0000007a     driverlib.lib : adc.obj (.text:ADCSequenceStepConfigure)
                  00000872    0000006e     rtsv7M4_T_le_v4SPD16_eabi.lib : fd_tos_t2.asm.obj (.text)
                  000008e0    00000050     driverlib.lib : adc.obj (.text:ADCSequenceConfigure)
                  00000930    00000038                   : sysctl.obj (.text:SysCtlPeripheralReady)
                  00000968    00000038     rtsv7M4_T_le_v4SPD16_eabi.lib : fs_tod_t2.asm.obj (.text)
                  000009a0    00000034     driverlib.lib : sysctl.obj (.text:SysCtlPeripheralEnable)
                  000009d4    0000002e                   : adc.obj (.text:ADCIntStatus)
                  00000a02    00000002     startup_ccs.obj (.text:IntDefaultHandler)
                  00000a04    0000002c     rtsv7M4_T_le_v4SPD16_eabi.lib : boot_cortex_m.c.obj (.text:_c_int00_noinit_noargs:_c_int00_noinit_noargs)
                  00000a30    0000002a     driverlib.lib : gpio.obj (.text:GPIODirModeSet)
                  00000a5a    00000002     startup_ccs.obj (.text:NmiSR)
                  00000a5c    00000028     lab_adc.obj (.text:DelaySetup)
                  00000a84    0000001e     driverlib.lib : adc.obj (.text:ADCSequenceDataGet)
                  00000aa2    00000018                   : adc.obj (.text:ADCProcessorTrigger)
                  00000aba    00000018                   : gpio.obj (.text:GPIOPinTypeGPIOOutput)
                  00000ad2    00000010     lab_adc.obj (.text:myDelay)
                  00000ae2    0000000e     driverlib.lib : adc.obj (.text:ADCSequenceEnable)
                  00000af0    0000000a                   : adc.obj (.text:ADCIntClear)
                  00000afa    00000006                   : gpio.obj (.text:GPIOPinWrite)
                  00000b00    00000006     startup_ccs.obj (.text:ResetISR)
                  00000b06    00000006     driverlib.lib : sysctl.obj (.text:SysCtlDelay)
                  00000b0c    00000004     rtsv7M4_T_le_v4SPD16_eabi.lib : pre_init.c.obj (.text:_system_pre_init)
                  00000b10    00000004                                   : exit.c.obj (.text:abort:abort)

.cinit     0    00000000    00000000     UNINITIALIZED

.init_array 
*          0    00000000    00000000     UNINITIALIZED

.stack     0    20000000    00000200     UNINITIALIZED
                  20000000    00000004     rtsv7M4_T_le_v4SPD16_eabi.lib : boot_cortex_m.c.obj (.stack)
                  20000004    000001fc     --HOLE--

__llvm_prf_cnts 
*          0    20000000    00000000     UNINITIALIZED

MODULE SUMMARY

       Module                code   ro data   rw data
       ------                ----   -------   -------
    .\
       startup_ccs.obj       12     620       0      
       lab_adc.obj           404    0         0      
    +--+---------------------+------+---------+---------+
       Total:                416    620       0      
                                                     
    C:/ti/tivaware_c_series_2_1_4_178/driverlib/ccs/Debug/driverlib.lib
       gpio.obj              378    0         0      
       sysctl.obj            358    0         0      
       adc.obj               326    0         0      
    +--+---------------------+------+---------+---------+
       Total:                1062   0         0      
                                                     
    C:\ti\ccs1110\ccs\tools\compiler\ti-cgt-arm_20.2.5.LTS\lib\rtsv7M4_T_le_v4SPD16_eabi.lib
       fd_cmp_t2.asm.obj     268    0         0      
       fd_mul_t2.asm.obj     252    0         0      
       fd_tos_t2.asm.obj     110    0         0      
       fs_tod_t2.asm.obj     56     0         0      
       boot_cortex_m.c.obj   44     0         0      
       exit.c.obj            4      0         0      
       pre_init.c.obj        4      0         0      
    +--+---------------------+------+---------+---------+
       Total:                738    0         0      
                                                     
       Stack:                0      0         512    
    +--+---------------------+------+---------+---------+
       Grand Total:          2216   620       512    


GLOBAL SYMBOLS: SORTED ALPHABETICALLY BY Name 

address   name                    
-------   ----                    
00000af1  ADCIntClear             
000009d5  ADCIntStatus            
00000aa3  ADCProcessorTrigger     
000008e1  ADCSequenceConfigure    
00000a85  ADCSequenceDataGet      
00000ae3  ADCSequenceEnable       
000007f9  ADCSequenceStepConfigure
00000b11  C$$EXIT                 
00000a5d  DelaySetup              
00000a31  GPIODirModeSet          
000003c9  GPIOPadConfigSet        
00000abb  GPIOPinTypeGPIOOutput   
00000afb  GPIOPinWrite            
00000b01  ResetISR                
000005f9  SysCtlClockSet          
00000b07  SysCtlDelay             
000009a1  SysCtlPeripheralEnable  
00000931  SysCtlPeripheralReady   
20000200  __STACK_END             
00000200  __STACK_SIZE            
20000200  __STACK_TOP             
ffffffff  __TI_pprof_out_hndl     
ffffffff  __TI_prof_data_size     
ffffffff  __TI_prof_data_start    
00000000  __TI_static_base__      
000006ed  __aeabi_cdcmpeq         
000006ed  __aeabi_cdcmple         
00000773  __aeabi_cdrcmple        
00000873  __aeabi_d2f             
000004fb  __aeabi_dmul            
00000969  __aeabi_f2d             
ffffffff  __binit__               
ffffffff  __c_args__              
UNDEFED   __mpu_init              
20000000  __stack                 
20000000  __start___llvm_prf_cnts 
20000000  __stop___llvm_prf_cnts  
00000a05  _c_int00_noinit_noargs  
00000b0d  _system_pre_init        
00000b11  abort                   
ffffffff  binit                   
00000000  g_pfnVectors            
0000026d  main                    
00000ad3  myDelay                 


GLOBAL SYMBOLS: SORTED BY Symbol Address 

address   name                    
-------   ----                    
00000000  __TI_static_base__      
00000000  g_pfnVectors            
00000200  __STACK_SIZE            
0000026d  main                    
000003c9  GPIOPadConfigSet        
000004fb  __aeabi_dmul            
000005f9  SysCtlClockSet          
000006ed  __aeabi_cdcmpeq         
000006ed  __aeabi_cdcmple         
00000773  __aeabi_cdrcmple        
000007f9  ADCSequenceStepConfigure
00000873  __aeabi_d2f             
000008e1  ADCSequenceConfigure    
00000931  SysCtlPeripheralReady   
00000969  __aeabi_f2d             
000009a1  SysCtlPeripheralEnable  
000009d5  ADCIntStatus            
00000a05  _c_int00_noinit_noargs  
00000a31  GPIODirModeSet          
00000a5d  DelaySetup              
00000a85  ADCSequenceDataGet      
00000aa3  ADCProcessorTrigger     
00000abb  GPIOPinTypeGPIOOutput   
00000ad3  myDelay                 
00000ae3  ADCSequenceEnable       
00000af1  ADCIntClear             
00000afb  GPIOPinWrite            
00000b01  ResetISR                
00000b07  SysCtlDelay             
00000b0d  _system_pre_init        
00000b11  C$$EXIT                 
00000b11  abort                   
20000000  __stack                 
20000000  __start___llvm_prf_cnts 
20000000  __stop___llvm_prf_cnts  
20000200  __STACK_END             
20000200  __STACK_TOP             
ffffffff  __TI_pprof_out_hndl     
ffffffff  __TI_prof_data_size     
ffffffff  __TI_prof_data_start    
ffffffff  __binit__               
ffffffff  __c_args__              
ffffffff  binit                   
UNDEFED   __mpu_init              

[44 symbols]
