******************************************************************************
                  TI ARM Linker PC v20.2.5                     
******************************************************************************
>> Linked Thu Apr 21 23:10:56 2022

OUTPUT FILE NAME:   <Button_Test_2.out>
ENTRY POINT SYMBOL: "_c_int00_noargs"  address: 00000671


MEMORY CONFIGURATION

         name            origin    length      used     unused   attr    fill
----------------------  --------  ---------  --------  --------  ----  --------
  FLASH                 00000000   00040000  00000772  0003f88e  R  X
  SRAM                  20000000   00008000  00000214  00007dec  RW X


SEGMENT ALLOCATION MAP

run origin  load origin   length   init length attrs members
----------  ----------- ---------- ----------- ----- -------
00000000    00000000    00000774   00000774    r-x
  00000000    00000000    0000026c   0000026c    r-- .intvecs
  0000026c    0000026c    000004f2   000004f2    r-x .text
  00000760    00000760    00000014   00000014    r-- .cinit
20000000    20000000    00000214   00000000    rw-
  20000000    20000000    00000200   00000000    rw- .stack
  20000200    20000200    00000014   00000000    rw- .bss


SECTION ALLOCATION MAP

 output                                  attributes/
section   page    origin      length       input sections
--------  ----  ----------  ----------   ----------------
.intvecs   0    00000000    0000026c     
                  00000000    0000026c     startup_ccs.obj (.intvecs)

.text      0    0000026c    000004f2     
                  0000026c    00000132     driverlib.lib : gpio.obj (.text:GPIOPadConfigSet)
                  0000039e    00000002     startup_ccs.obj (.text:FaultISR)
                  000003a0    0000012c     Button_test_2.obj (.text:main)
                  000004cc    000000f4     driverlib.lib : sysctl.obj (.text:SysCtlClockSet)
                  000005c0    00000044     rtsv7M4_T_le_v4SPD16_eabi.lib : autoinit.c.obj (.text:__TI_auto_init_nobinit_nopinit:__TI_auto_init_nobinit_nopinit)
                  00000604    00000038     driverlib.lib : sysctl.obj (.text:SysCtlPeripheralReady)
                  0000063c    00000034                   : sysctl.obj (.text:SysCtlPeripheralEnable)
                  00000670    00000034     rtsv7M4_T_le_v4SPD16_eabi.lib : boot_cortex_m.c.obj (.text:_c_int00_noargs:_c_int00_noargs)
                  000006a4    0000002a     driverlib.lib : gpio.obj (.text:GPIODirModeSet)
                  000006ce    00000002     startup_ccs.obj (.text:IntDefaultHandler)
                  000006d0    00000028     Button_test_2.obj (.text:DelaySetup)
                  000006f8    0000001c     rtsv7M4_T_le_v4SPD16_eabi.lib : copy_zero_init.c.obj (.text:decompress:ZI:__TI_zero_init_nomemset:__TI_zero_init_nomemset)
                  00000714    00000018     driverlib.lib : gpio.obj (.text:GPIOPinTypeGPIOOutput)
                  0000072c    00000010     Button_test_2.obj (.text:myDelay)
                  0000073c    00000006     driverlib.lib : gpio.obj (.text:GPIOPinRead)
                  00000742    00000006                   : gpio.obj (.text:GPIOPinWrite)
                  00000748    00000006     startup_ccs.obj (.text:ResetISR)
                  0000074e    00000006     driverlib.lib : sysctl.obj (.text:SysCtlDelay)
                  00000754    00000004     rtsv7M4_T_le_v4SPD16_eabi.lib : pre_init.c.obj (.text:_system_pre_init)
                  00000758    00000004                                   : exit.c.obj (.text:abort:abort)
                  0000075c    00000002     startup_ccs.obj (.text:NmiSR)

.cinit     0    00000760    00000014     
                  00000760    00000008     (.cinit..bss.load) [load image, compression = zero_init]
                  00000768    00000004     (__TI_handler_table)
                  0000076c    00000008     (__TI_cinit_table)

.init_array 
*          0    00000000    00000000     UNINITIALIZED

.bss       0    20000200    00000014     UNINITIALIZED
                  20000200    00000014     (.common:user_sequence)

.stack     0    20000000    00000200     UNINITIALIZED
                  20000000    00000004     rtsv7M4_T_le_v4SPD16_eabi.lib : boot_cortex_m.c.obj (.stack)
                  20000004    000001fc     --HOLE--

__llvm_prf_cnts 
*          0    20000000    00000000     UNINITIALIZED

MODULE SUMMARY

       Module                 code   ro data   rw data
       ------                 ----   -------   -------
    .\
       startup_ccs.obj        12     620       0      
       Button_test_2.obj      356    0         20     
    +--+----------------------+------+---------+---------+
       Total:                 368    620       20     
                                                      
    C:/ti/tivaware_c_series_2_1_4_178/driverlib/ccs/Debug/driverlib.lib
       gpio.obj               384    0         0      
       sysctl.obj             358    0         0      
    +--+----------------------+------+---------+---------+
       Total:                 742    0         0      
                                                      
    C:\ti\ccs1110\ccs\tools\compiler\ti-cgt-arm_20.2.5.LTS\lib\rtsv7M4_T_le_v4SPD16_eabi.lib
       autoinit.c.obj         68     0         0      
       boot_cortex_m.c.obj    52     0         0      
       copy_zero_init.c.obj   28     0         0      
       exit.c.obj             4      0         0      
       pre_init.c.obj         4      0         0      
    +--+----------------------+------+---------+---------+
       Total:                 156    0         0      
                                                      
       Stack:                 0      0         512    
       Linker Generated:      0      20        0      
    +--+----------------------+------+---------+---------+
       Grand Total:           1266   640       532    


LINKER GENERATED COPY TABLES

__TI_cinit_table @ 0000076c records: 1, size/record: 8, table size: 8
	.bss: load addr=00000760, load size=00000008 bytes, run addr=20000200, run size=00000014 bytes, compression=zero_init


LINKER GENERATED HANDLER TABLE

__TI_handler_table @ 00000768 records: 1, size/record: 4, table size: 4
	index: 0, handler: __TI_zero_init


GLOBAL SYMBOLS: SORTED ALPHABETICALLY BY Name 

address   name                          
-------   ----                          
00000759  C$$EXIT                       
000006d1  DelaySetup                    
000006a5  GPIODirModeSet                
0000026d  GPIOPadConfigSet              
0000073d  GPIOPinRead                   
00000715  GPIOPinTypeGPIOOutput         
00000743  GPIOPinWrite                  
00000749  ResetISR                      
000004cd  SysCtlClockSet                
0000074f  SysCtlDelay                   
0000063d  SysCtlPeripheralEnable        
00000605  SysCtlPeripheralReady         
20000200  __STACK_END                   
00000200  __STACK_SIZE                  
20000200  __STACK_TOP                   
0000076c  __TI_CINIT_Base               
00000774  __TI_CINIT_Limit              
00000768  __TI_Handler_Table_Base       
0000076c  __TI_Handler_Table_Limit      
000005c1  __TI_auto_init_nobinit_nopinit
ffffffff  __TI_pprof_out_hndl           
ffffffff  __TI_prof_data_size           
ffffffff  __TI_prof_data_start          
00000000  __TI_static_base__            
000006f9  __TI_zero_init_nomemset       
ffffffff  __binit__                     
ffffffff  __c_args__                    
UNDEFED   __mpu_init                    
20000000  __stack                       
20000000  __start___llvm_prf_cnts       
20000000  __stop___llvm_prf_cnts        
00000671  _c_int00_noargs               
UNDEFED   _system_post_cinit            
00000755  _system_pre_init              
00000759  abort                         
ffffffff  binit                         
00000000  g_pfnVectors                  
000003a1  main                          
0000072d  myDelay                       
20000200  user_sequence                 


GLOBAL SYMBOLS: SORTED BY Symbol Address 

address   name                          
-------   ----                          
00000000  __TI_static_base__            
00000000  g_pfnVectors                  
00000200  __STACK_SIZE                  
0000026d  GPIOPadConfigSet              
000003a1  main                          
000004cd  SysCtlClockSet                
000005c1  __TI_auto_init_nobinit_nopinit
00000605  SysCtlPeripheralReady         
0000063d  SysCtlPeripheralEnable        
00000671  _c_int00_noargs               
000006a5  GPIODirModeSet                
000006d1  DelaySetup                    
000006f9  __TI_zero_init_nomemset       
00000715  GPIOPinTypeGPIOOutput         
0000072d  myDelay                       
0000073d  GPIOPinRead                   
00000743  GPIOPinWrite                  
00000749  ResetISR                      
0000074f  SysCtlDelay                   
00000755  _system_pre_init              
00000759  C$$EXIT                       
00000759  abort                         
00000768  __TI_Handler_Table_Base       
0000076c  __TI_CINIT_Base               
0000076c  __TI_Handler_Table_Limit      
00000774  __TI_CINIT_Limit              
20000000  __stack                       
20000000  __start___llvm_prf_cnts       
20000000  __stop___llvm_prf_cnts        
20000200  __STACK_END                   
20000200  __STACK_TOP                   
20000200  user_sequence                 
ffffffff  __TI_pprof_out_hndl           
ffffffff  __TI_prof_data_size           
ffffffff  __TI_prof_data_start          
ffffffff  __binit__                     
ffffffff  __c_args__                    
ffffffff  binit                         
UNDEFED   __mpu_init                    
UNDEFED   _system_post_cinit            

[40 symbols]
