******************************************************************************
                  TI ARM Linker PC v20.2.5                     
******************************************************************************
>> Linked Fri Apr 22 02:27:39 2022

OUTPUT FILE NAME:   <LED_Button_Test_Copy_3.out>
ENTRY POINT SYMBOL: "_c_int00_noargs"  address: 000009d1


MEMORY CONFIGURATION

         name            origin    length      used     unused   attr    fill
----------------------  --------  ---------  --------  --------  ----  --------
  FLASH                 00000000   00040000  00000c02  0003f3fe  R  X
  SRAM                  20000000   00008000  000003dc  00007c24  RW X


SEGMENT ALLOCATION MAP

run origin  load origin   length   init length attrs members
----------  ----------- ---------- ----------- ----- -------
00000000    00000000    00000c08   00000c08    r-x
  00000000    00000000    0000026c   0000026c    r-- .intvecs
  0000026c    0000026c    0000095e   0000095e    r-x .text
  00000bd0    00000bd0    00000038   00000038    r-- .cinit
20000000    20000000    000003dc   00000000    rw-
  20000000    20000000    00000200   00000000    rw- .stack
  20000200    20000200    000001c8   00000000    rw- .bss
  200003c8    200003c8    00000014   00000000    rw- .data


SECTION ALLOCATION MAP

 output                                  attributes/
section   page    origin      length       input sections
--------  ----  ----------  ----------   ----------------
.intvecs   0    00000000    0000026c     
                  00000000    0000026c     startup_ccs.obj (.intvecs)

.text      0    0000026c    0000095e     
                  0000026c    000001e0     LED_Button_Test_Copy_3.obj (.text:main)
                  0000044c    00000132     driverlib.lib : gpio.obj (.text:GPIOPadConfigSet)
                  0000057e    00000002     startup_ccs.obj (.text:FaultISR)
                  00000580    000000f4     driverlib.lib : sysctl.obj (.text:SysCtlClockSet)
                  00000674    0000009c     rtsv7M4_T_le_v4SPD16_eabi.lib : memcpy_t2.asm.obj (.text)
                  00000710    00000068                                   : copy_decompress_lzss.c.obj (.text:decompress:lzss:__TI_decompress_lzss)
                  00000778    0000005e                                   : i_divt2.asm.obj (.text)
                  000007d6    00000002     startup_ccs.obj (.text:IntDefaultHandler)
                  000007d8    0000004c     LED_Button_Test_Copy_3.obj (.text:Incorrect_Input)
                  00000824    00000048     LED_Button_Test_Copy_3.obj (.text:Correct_Input)
                  0000086c    00000048     rtsv7M4_T_le_v4SPD16_eabi.lib : hosttime.c.obj (.text:HOSTtime)
                  000008b4    00000044                                   : autoinit.c.obj (.text:__TI_auto_init_nobinit_nopinit:__TI_auto_init_nobinit_nopinit)
                  000008f8    00000038     driverlib.lib : sysctl.obj (.text:SysCtlPeripheralReady)
                  00000930    00000038     rtsv7M4_T_le_v4SPD16_eabi.lib : trgmsg.c.obj (.text:__TI_writemsg)
                  00000968    00000034     driverlib.lib : sysctl.obj (.text:SysCtlPeripheralEnable)
                  0000099c    00000034     rtsv7M4_T_le_v4SPD16_eabi.lib : trgmsg.c.obj (.text:__TI_readmsg)
                  000009d0    00000034                                   : boot_cortex_m.c.obj (.text:_c_int00_noargs:_c_int00_noargs)
                  00000a04    00000034                                   : rand.c.obj (.text:rand)
                  00000a38    0000002c     LED_Button_Test_Copy_3.obj (.text:LEDs_On)
                  00000a64    0000002a     driverlib.lib : gpio.obj (.text:GPIODirModeSet)
                  00000a8e    00000002     startup_ccs.obj (.text:NmiSR)
                  00000a90    00000028     LED_Button_Test_Copy_3.obj (.text:DelaySetup)
                  00000ab8    00000028     LED_Button_Test_Copy_3.obj (.text:Show_Sequence)
                  00000ae0    00000024     rtsv7M4_T_le_v4SPD16_eabi.lib : rand.c.obj (.text:srand)
                  00000b04    00000022     LED_Button_Test_Copy_3.obj (.text:Randomizer)
                  00000b26    00000002     rtsv7M4_T_le_v4SPD16_eabi.lib : _lock.c.obj (.text:_nop)
                  00000b28    00000020     LED_Button_Test_Copy_3.obj (.text:Build_Sequence)
                  00000b48    0000001c     rtsv7M4_T_le_v4SPD16_eabi.lib : copy_zero_init.c.obj (.text:decompress:ZI:__TI_zero_init_nomemset:__TI_zero_init_nomemset)
                  00000b64    00000018     driverlib.lib : gpio.obj (.text:GPIOPinTypeGPIOOutput)
                  00000b7c    00000010     LED_Button_Test_Copy_3.obj (.text:myDelay)
                  00000b8c    0000000e     rtsv7M4_T_le_v4SPD16_eabi.lib : time.c.obj (.text:__time32)
                  00000b9a    0000000e                                   : copy_decompress_none.c.obj (.text:decompress:none:__TI_decompress_none)
                  00000ba8    00000006     driverlib.lib : gpio.obj (.text:GPIOPinRead)
                  00000bae    00000006                   : gpio.obj (.text:GPIOPinWrite)
                  00000bb4    00000006     startup_ccs.obj (.text:ResetISR)
                  00000bba    00000006     driverlib.lib : sysctl.obj (.text:SysCtlDelay)
                  00000bc0    00000004     rtsv7M4_T_le_v4SPD16_eabi.lib : pre_init.c.obj (.text:_system_pre_init)
                  00000bc4    00000004                                   : exit.c.obj (.text:abort:abort)
                  00000bc8    00000002                                   : div0.asm.obj (.text)

.cinit     0    00000bd0    00000038     
                  00000bd0    00000010     (.cinit..data.load) [load image, compression = lzss]
                  00000be0    0000000c     (__TI_handler_table)
                  00000bec    00000004     --HOLE-- [fill = 0]
                  00000bf0    00000008     (.cinit..bss.load) [load image, compression = zero_init]
                  00000bf8    00000010     (__TI_cinit_table)

.init_array 
*          0    00000000    00000000     UNINITIALIZED

.bss       0    20000200    000001c8     UNINITIALIZED
                  20000200    00000120     rtsv7M4_T_le_v4SPD16_eabi.lib : trgmsg.c.obj (.bss:_CIOBUF_)
                  20000320    00000050     (.common:random_sequence)
                  20000370    00000050     (.common:user_sequence)
                  200003c0    00000008     (.common:parmbuf)

.data      0    200003c8    00000014     UNINITIALIZED
                  200003c8    00000008     rtsv7M4_T_le_v4SPD16_eabi.lib : _lock.c.obj (.data:$O1$$)
                  200003d0    00000005     LED_Button_Test_Copy_3.obj (.data)
                  200003d5    00000003     --HOLE--
                  200003d8    00000004     rtsv7M4_T_le_v4SPD16_eabi.lib : rand.c.obj (.data)

.stack     0    20000000    00000200     UNINITIALIZED
                  20000000    00000004     rtsv7M4_T_le_v4SPD16_eabi.lib : boot_cortex_m.c.obj (.stack)
                  20000004    000001fc     --HOLE--

__llvm_prf_cnts 
*          0    20000000    00000000     UNINITIALIZED

MODULE SUMMARY

       Module                       code   ro data   rw data
       ------                       ----   -------   -------
    .\
       LED_Button_Test_Copy_3.obj   834    0         165    
       startup_ccs.obj              12     620       0      
    +--+----------------------------+------+---------+---------+
       Total:                       846    620       165    
                                                            
    C:/ti/tivaware_c_series_2_1_4_178/driverlib/ccs/Debug/driverlib.lib
       gpio.obj                     384    0         0      
       sysctl.obj                   358    0         0      
    +--+----------------------------+------+---------+---------+
       Total:                       742    0         0      
                                                            
    C:\ti\ccs1110\ccs\tools\compiler\ti-cgt-arm_20.2.5.LTS\lib\rtsv7M4_T_le_v4SPD16_eabi.lib
       trgmsg.c.obj                 108    0         288    
       memcpy_t2.asm.obj            156    0         0      
       copy_decompress_lzss.c.obj   104    0         0      
       i_divt2.asm.obj              94     0         0      
       rand.c.obj                   88     0         4      
       hosttime.c.obj               72     0         0      
       autoinit.c.obj               68     0         0      
       boot_cortex_m.c.obj          52     0         0      
       copy_zero_init.c.obj         28     0         0      
       copy_decompress_none.c.obj   14     0         0      
       time.c.obj                   14     0         0      
       _lock.c.obj                  2      0         8      
       hostopen.c.obj               0      0         8      
       exit.c.obj                   4      0         0      
       pre_init.c.obj               4      0         0      
       div0.asm.obj                 2      0         0      
    +--+----------------------------+------+---------+---------+
       Total:                       810    0         308    
                                                            
       Stack:                       0      0         512    
       Linker Generated:            0      52        0      
    +--+----------------------------+------+---------+---------+
       Grand Total:                 2398   672       985    


LINKER GENERATED COPY TABLES

__TI_cinit_table @ 00000bf8 records: 2, size/record: 8, table size: 16
	.data: load addr=00000bd0, load size=00000010 bytes, run addr=200003c8, run size=00000014 bytes, compression=lzss
	.bss: load addr=00000bf0, load size=00000008 bytes, run addr=20000200, run size=000001c8 bytes, compression=zero_init


LINKER GENERATED HANDLER TABLE

__TI_handler_table @ 00000be0 records: 3, size/record: 4, table size: 12
	index: 0, handler: __TI_decompress_lzss
	index: 1, handler: __TI_decompress_none
	index: 2, handler: __TI_zero_init


GLOBAL SYMBOLS: SORTED ALPHABETICALLY BY Name 

address   name                          
-------   ----                          
00000b29  Build_Sequence                
00000bc5  C$$EXIT                       
0000095f  C$$IO$$                       
00000825  Correct_Input                 
00000a91  DelaySetup                    
00000a65  GPIODirModeSet                
0000044d  GPIOPadConfigSet              
00000ba9  GPIOPinRead                   
00000b65  GPIOPinTypeGPIOOutput         
00000baf  GPIOPinWrite                  
0000086d  HOSTtime                      
000007d9  Incorrect_Input               
00000a39  LEDs_On                       
00000b05  Randomizer                    
00000bb5  ResetISR                      
00000ab9  Show_Sequence                 
00000581  SysCtlClockSet                
00000bbb  SysCtlDelay                   
00000969  SysCtlPeripheralEnable        
000008f9  SysCtlPeripheralReady         
20000200  __CIOBUF_                     
20000200  __STACK_END                   
00000200  __STACK_SIZE                  
20000200  __STACK_TOP                   
00000bf8  __TI_CINIT_Base               
00000c08  __TI_CINIT_Limit              
00000be0  __TI_Handler_Table_Base       
00000bec  __TI_Handler_Table_Limit      
000008b5  __TI_auto_init_nobinit_nopinit
00000711  __TI_decompress_lzss          
00000b9b  __TI_decompress_none          
ffffffff  __TI_pprof_out_hndl           
ffffffff  __TI_prof_data_size           
ffffffff  __TI_prof_data_start          
0000099d  __TI_readmsg                  
00000000  __TI_static_base__            
00000931  __TI_writemsg                 
00000b49  __TI_zero_init_nomemset       
00000779  __aeabi_idiv                  
00000bc9  __aeabi_idiv0                 
00000779  __aeabi_idivmod               
00000bc9  __aeabi_ldiv0                 
00000675  __aeabi_memcpy                
00000675  __aeabi_memcpy4               
00000675  __aeabi_memcpy8               
ffffffff  __binit__                     
ffffffff  __c_args__                    
UNDEFED   __mpu_init                    
20000000  __stack                       
20000000  __start___llvm_prf_cnts       
20000000  __stop___llvm_prf_cnts        
00000b8d  __time32                      
000009d1  _c_int00_noargs               
200003c8  _lock                         
00000b27  _nop                          
UNDEFED   _system_post_cinit            
00000bc1  _system_pre_init              
200003cc  _unlock                       
00000bc5  abort                         
ffffffff  binit                         
00000000  g_pfnVectors                  
200003d0  level                         
0000026d  main                          
00000675  memcpy                        
00000b7d  myDelay                       
200003d4  new_game                      
200003c0  parmbuf                       
00000a05  rand                          
20000320  random_sequence               
00000ae1  srand                         
00000b8d  time                          
20000370  user_sequence                 


GLOBAL SYMBOLS: SORTED BY Symbol Address 

address   name                          
-------   ----                          
00000000  __TI_static_base__            
00000000  g_pfnVectors                  
00000200  __STACK_SIZE                  
0000026d  main                          
0000044d  GPIOPadConfigSet              
00000581  SysCtlClockSet                
00000675  __aeabi_memcpy                
00000675  __aeabi_memcpy4               
00000675  __aeabi_memcpy8               
00000675  memcpy                        
00000711  __TI_decompress_lzss          
00000779  __aeabi_idiv                  
00000779  __aeabi_idivmod               
000007d9  Incorrect_Input               
00000825  Correct_Input                 
0000086d  HOSTtime                      
000008b5  __TI_auto_init_nobinit_nopinit
000008f9  SysCtlPeripheralReady         
00000931  __TI_writemsg                 
0000095f  C$$IO$$                       
00000969  SysCtlPeripheralEnable        
0000099d  __TI_readmsg                  
000009d1  _c_int00_noargs               
00000a05  rand                          
00000a39  LEDs_On                       
00000a65  GPIODirModeSet                
00000a91  DelaySetup                    
00000ab9  Show_Sequence                 
00000ae1  srand                         
00000b05  Randomizer                    
00000b27  _nop                          
00000b29  Build_Sequence                
00000b49  __TI_zero_init_nomemset       
00000b65  GPIOPinTypeGPIOOutput         
00000b7d  myDelay                       
00000b8d  __time32                      
00000b8d  time                          
00000b9b  __TI_decompress_none          
00000ba9  GPIOPinRead                   
00000baf  GPIOPinWrite                  
00000bb5  ResetISR                      
00000bbb  SysCtlDelay                   
00000bc1  _system_pre_init              
00000bc5  C$$EXIT                       
00000bc5  abort                         
00000bc9  __aeabi_idiv0                 
00000bc9  __aeabi_ldiv0                 
00000be0  __TI_Handler_Table_Base       
00000bec  __TI_Handler_Table_Limit      
00000bf8  __TI_CINIT_Base               
00000c08  __TI_CINIT_Limit              
20000000  __stack                       
20000000  __start___llvm_prf_cnts       
20000000  __stop___llvm_prf_cnts        
20000200  __CIOBUF_                     
20000200  __STACK_END                   
20000200  __STACK_TOP                   
20000320  random_sequence               
20000370  user_sequence                 
200003c0  parmbuf                       
200003c8  _lock                         
200003cc  _unlock                       
200003d0  level                         
200003d4  new_game                      
ffffffff  __TI_pprof_out_hndl           
ffffffff  __TI_prof_data_size           
ffffffff  __TI_prof_data_start          
ffffffff  __binit__                     
ffffffff  __c_args__                    
ffffffff  binit                         
UNDEFED   __mpu_init                    
UNDEFED   _system_post_cinit            

[72 symbols]
